Archive member included to satisfy reference by file (symbol)

c:/st/stm32cubeide_1.10.1/stm32cubeide/plugins/com.st.stm32cube.ide.mcu.externaltools.gnu-tools-for-stm32.10.3-2021.10.win32_1.0.200.202301161003/tools/bin/../lib/gcc/arm-none-eabi/10.3.1/../../../../arm-none-eabi/lib/thumb/v7e-m+fp/hard\libstdc++_nano.a(guard.o)
                              ./Core/Src/IMU.o (__cxa_guard_acquire)
c:/st/stm32cubeide_1.10.1/stm32cubeide/plugins/com.st.stm32cube.ide.mcu.externaltools.gnu-tools-for-stm32.10.3-2021.10.win32_1.0.200.202301161003/tools/bin/../lib/gcc/arm-none-eabi/10.3.1/../../../../arm-none-eabi/lib/thumb/v7e-m+fp/hard\libstdc++_nano.a(pure.o)
                              ./Core/Src/AGV_sensor.o (__cxa_pure_virtual)
c:/st/stm32cubeide_1.10.1/stm32cubeide/plugins/com.st.stm32cube.ide.mcu.externaltools.gnu-tools-for-stm32.10.3-2021.10.win32_1.0.200.202301161003/tools/bin/../lib/gcc/arm-none-eabi/10.3.1/../../../../arm-none-eabi/lib/thumb/v7e-m+fp/hard\libstdc++_nano.a(eh_terminate.o)
                              c:/st/stm32cubeide_1.10.1/stm32cubeide/plugins/com.st.stm32cube.ide.mcu.externaltools.gnu-tools-for-stm32.10.3-2021.10.win32_1.0.200.202301161003/tools/bin/../lib/gcc/arm-none-eabi/10.3.1/../../../../arm-none-eabi/lib/thumb/v7e-m+fp/hard\libstdc++_nano.a(pure.o) (std::terminate())
c:/st/stm32cubeide_1.10.1/stm32cubeide/plugins/com.st.stm32cube.ide.mcu.externaltools.gnu-tools-for-stm32.10.3-2021.10.win32_1.0.200.202301161003/tools/bin/../lib/gcc/arm-none-eabi/10.3.1/../../../../arm-none-eabi/lib/thumb/v7e-m+fp/hard\libstdc++_nano.a(eh_unex_handler.o)
                              c:/st/stm32cubeide_1.10.1/stm32cubeide/plugins/com.st.stm32cube.ide.mcu.externaltools.gnu-tools-for-stm32.10.3-2021.10.win32_1.0.200.202301161003/tools/bin/../lib/gcc/arm-none-eabi/10.3.1/../../../../arm-none-eabi/lib/thumb/v7e-m+fp/hard\libstdc++_nano.a(eh_terminate.o) (__cxxabiv1::__unexpected_handler)
c:/st/stm32cubeide_1.10.1/stm32cubeide/plugins/com.st.stm32cube.ide.mcu.externaltools.gnu-tools-for-stm32.10.3-2021.10.win32_1.0.200.202301161003/tools/bin/../lib/gcc/arm-none-eabi/10.3.1/../../../../arm-none-eabi/lib/thumb/v7e-m+fp/hard\libstdc++_nano.a(eh_term_handler.o)
                              c:/st/stm32cubeide_1.10.1/stm32cubeide/plugins/com.st.stm32cube.ide.mcu.externaltools.gnu-tools-for-stm32.10.3-2021.10.win32_1.0.200.202301161003/tools/bin/../lib/gcc/arm-none-eabi/10.3.1/../../../../arm-none-eabi/lib/thumb/v7e-m+fp/hard\libstdc++_nano.a(eh_terminate.o) (__cxxabiv1::__terminate_handler)
c:/st/stm32cubeide_1.10.1/stm32cubeide/plugins/com.st.stm32cube.ide.mcu.externaltools.gnu-tools-for-stm32.10.3-2021.10.win32_1.0.200.202301161003/tools/bin/../lib/gcc/arm-none-eabi/10.3.1/../../../../arm-none-eabi/lib/thumb/v7e-m+fp/hard\libm.a(lib_a-wf_asin.o)
                              ./Core/Src/MadgwickAHRS.o (asinf)
c:/st/stm32cubeide_1.10.1/stm32cubeide/plugins/com.st.stm32cube.ide.mcu.externaltools.gnu-tools-for-stm32.10.3-2021.10.win32_1.0.200.202301161003/tools/bin/../lib/gcc/arm-none-eabi/10.3.1/../../../../arm-none-eabi/lib/thumb/v7e-m+fp/hard\libm.a(lib_a-wf_atan2.o)
                              ./Core/Src/MadgwickAHRS.o (atan2f)
c:/st/stm32cubeide_1.10.1/stm32cubeide/plugins/com.st.stm32cube.ide.mcu.externaltools.gnu-tools-for-stm32.10.3-2021.10.win32_1.0.200.202301161003/tools/bin/../lib/gcc/arm-none-eabi/10.3.1/../../../../arm-none-eabi/lib/thumb/v7e-m+fp/hard\libm.a(lib_a-wf_sqrt.o)
                              ./Core/Src/MadgwickAHRS.o (sqrtf)
c:/st/stm32cubeide_1.10.1/stm32cubeide/plugins/com.st.stm32cube.ide.mcu.externaltools.gnu-tools-for-stm32.10.3-2021.10.win32_1.0.200.202301161003/tools/bin/../lib/gcc/arm-none-eabi/10.3.1/../../../../arm-none-eabi/lib/thumb/v7e-m+fp/hard\libm.a(lib_a-ef_asin.o)
                              c:/st/stm32cubeide_1.10.1/stm32cubeide/plugins/com.st.stm32cube.ide.mcu.externaltools.gnu-tools-for-stm32.10.3-2021.10.win32_1.0.200.202301161003/tools/bin/../lib/gcc/arm-none-eabi/10.3.1/../../../../arm-none-eabi/lib/thumb/v7e-m+fp/hard\libm.a(lib_a-wf_asin.o) (__ieee754_asinf)
c:/st/stm32cubeide_1.10.1/stm32cubeide/plugins/com.st.stm32cube.ide.mcu.externaltools.gnu-tools-for-stm32.10.3-2021.10.win32_1.0.200.202301161003/tools/bin/../lib/gcc/arm-none-eabi/10.3.1/../../../../arm-none-eabi/lib/thumb/v7e-m+fp/hard\libm.a(lib_a-ef_atan2.o)
                              c:/st/stm32cubeide_1.10.1/stm32cubeide/plugins/com.st.stm32cube.ide.mcu.externaltools.gnu-tools-for-stm32.10.3-2021.10.win32_1.0.200.202301161003/tools/bin/../lib/gcc/arm-none-eabi/10.3.1/../../../../arm-none-eabi/lib/thumb/v7e-m+fp/hard\libm.a(lib_a-wf_atan2.o) (__ieee754_atan2f)
c:/st/stm32cubeide_1.10.1/stm32cubeide/plugins/com.st.stm32cube.ide.mcu.externaltools.gnu-tools-for-stm32.10.3-2021.10.win32_1.0.200.202301161003/tools/bin/../lib/gcc/arm-none-eabi/10.3.1/../../../../arm-none-eabi/lib/thumb/v7e-m+fp/hard\libm.a(lib_a-ef_sqrt.o)
[...]
Memory Configuration

Name             Origin             Length             Attributes
CCMRAM           0x0000000010000000 0x0000000000010000 xrw
RAM              0x0000000020000000 0x0000000000020000 xrw
FLASH            0x0000000008000000 0x0000000000100000 xr
*default*        0x0000000000000000 0xffffffffffffffff

Linker script and memory map

LOAD c:/st/stm32cubeide_1.10.1/stm32cubeide/plugins/com.st.stm32cube.ide.mcu.externaltools.gnu-tools-for-stm32.10.3-2021.10.win32_1.0.200.202301161003/tools/bin/../lib/gcc/arm-none-eabi/10.3.1/thumb/v7e-m+fp/hard/crti.o
LOAD c:/st/stm32cubeide_1.10.1/stm32cubeide/plugins/com.st.stm32cube.ide.mcu.externaltools.gnu-tools-for-stm32.10.3-2021.10.win32_1.0.200.202301161003/tools/bin/../lib/gcc/arm-none-eabi/10.3.1/thumb/v7e-m+fp/hard/crtbegin.o
LOAD c:/st/stm32cubeide_1.10.1/stm32cubeide/plugins/com.st.stm32cube.ide.mcu.externaltools.gnu-tools-for-stm32.10.3-2021.10.win32_1.0.200.202301161003/tools/bin/../lib/gcc/arm-none-eabi/10.3.1/../../../../arm-none-eabi/lib/thumb/v7e-m+fp/hard/crt0.o
LOAD ./Core/Src/AGV_sensor.o
LOAD ./Core/Src/IMU.o
LOAD ./Core/Src/MPU9250.o
LOAD ./Core/Src/MadgwickAHRS.o
LOAD ./Core/Src/duration.o
LOAD ./Core/Src/main.o
LOAD ./Core/Src/mainpp.o
LOAD ./Core/Src/stm32f4xx_hal_msp.o
LOAD ./Core/Src/stm32f4xx_it.o
LOAD ./Core/Src/syscalls.o
LOAD ./Core/Src/sysmem.o
LOAD ./Core/Src/system_stm32f4xx.o
LOAD ./Core/Src/time.o
LOAD ./Core/Startup/startup_stm32f407vgtx.o
LOAD ./Drivers/STM32F4xx_HAL_Driver/Src/stm32f4xx_hal.o
LOAD ./Drivers/STM32F4xx_HAL_Driver/Src/stm32f4xx_hal_cortex.o
LOAD ./Drivers/STM32F4xx_HAL_Driver/Src/stm32f4xx_hal_dma.o
LOAD ./Drivers/STM32F4xx_HAL_Driver/Src/stm32f4xx_hal_dma_ex.o
LOAD ./Drivers/STM32F4xx_HAL_Driver/Src/stm32f4xx_hal_exti.o
LOAD ./Drivers/STM32F4xx_HAL_Driver/Src/stm32f4xx_hal_flash.o
LOAD ./Drivers/STM32F4xx_HAL_Driver/Src/stm32f4xx_hal_flash_ex.o
LOAD ./Drivers/STM32F4xx_HAL_Driver/Src/stm32f4xx_hal_flash_ramfunc.o
LOAD ./Drivers/STM32F4xx_HAL_Driver/Src/stm32f4xx_hal_gpio.o
LOAD ./Drivers/STM32F4xx_HAL_Driver/Src/stm32f4xx_hal_hcd.o
LOAD ./Drivers/STM32F4xx_HAL_Driver/Src/stm32f4xx_hal_i2c.o
LOAD ./Drivers/STM32F4xx_HAL_Driver/Src/stm32f4xx_hal_i2c_ex.o
LOAD ./Drivers/STM32F4xx_HAL_Driver/Src/stm32f4xx_hal_i2s.o
LOAD ./Drivers/STM32F4xx_HAL_Driver/Src/stm32f4xx_hal_i2s_ex.o
LOAD ./Drivers/STM32F4xx_HAL_Driver/Src/stm32f4xx_hal_pwr.o
LOAD ./Drivers/STM32F4xx_HAL_Driver/Src/stm32f4xx_hal_pwr_ex.o
LOAD ./Drivers/STM32F4xx_HAL_Driver/Src/stm32f4xx_hal_rcc.o
LOAD ./Drivers/STM32F4xx_HAL_Driver/Src/stm32f4xx_hal_rcc_ex.o
LOAD ./Drivers/STM32F4xx_HAL_Driver/Src/stm32f4xx_hal_spi.o
LOAD ./Drivers/STM32F4xx_HAL_Driver/Src/stm32f4xx_hal_tim.o
LOAD ./Drivers/STM32F4xx_HAL_Driver/Src/stm32f4xx_hal_tim_ex.o
LOAD ./Drivers/STM32F4xx_HAL_Driver/Src/stm32f4xx_hal_uart.o
LOAD ./Drivers/STM32F4xx_HAL_Driver/Src/stm32f4xx_ll_usb.o
LOAD ./Middlewares/ST/STM32_USB_Host_Library/Class/CDC/Src/usbh_cdc.o
LOAD ./Middlewares/ST/STM32_USB_Host_Library/Core/Src/usbh_core.o
LOAD ./Middlewares/ST/STM32_USB_Host_Library/Core/Src/usbh_ctlreq.o
LOAD ./Middlewares/ST/STM32_USB_Host_Library/Core/Src/usbh_ioreq.o
LOAD ./Middlewares/ST/STM32_USB_Host_Library/Core/Src/usbh_pipes.o
LOAD ./USB_HOST/App/usb_host.o
LOAD ./USB_HOST/Target/usbh_conf.o
LOAD ./USB_HOST/Target/usbh_platform.o
START GROUP
LOAD c:/st/stm32cubeide_1.10.1/stm32cubeide/plugins/com.st.stm32cube.ide.mcu.externaltools.gnu-tools-for-stm32.10.3-2021.10.win32_1.0.200.202301161003/tools/bin/../lib/gcc/arm-none-eabi/10.3.1/../../../../arm-none-eabi/lib/thumb/v7e-m+fp/hard\libstdc++_nano.a
LOAD c:/st/stm32cubeide_1.10.1/stm32cubeide/plugins/com.st.stm32cube.ide.mcu.externaltools.gnu-tools-for-stm32.10.3-2021.10.win32_1.0.200.202301161003/tools/bin/../lib/gcc/arm-none-eabi/10.3.1/../../../../arm-none-eabi/lib/thumb/v7e-m+fp/hard\libsupc++_nano.a
END GROUP
LOAD c:/st/stm32cubeide_1.10.1/stm32cubeide/plugins/com.st.stm32cube.ide.mcu.externaltools.gnu-tools-for-stm32.10.3-2021.10.win32_1.0.200.202301161003/tools/bin/../lib/gcc/arm-none-eabi/10.3.1/../../../../arm-none-eabi/lib/thumb/v7e-m+fp/hard\libstdc++_nano.a
LOAD c:/st/stm32cubeide_1.10.1/stm32cubeide/plugins/com.st.stm32cube.ide.mcu.externaltools.gnu-tools-for-stm32.10.3-2021.10.win32_1.0.200.202301161003/tools/bin/../lib/gcc/arm-none-eabi/10.3.1/../../../../arm-none-eabi/lib/thumb/v7e-m+fp/hard\libm.a
LOAD c:/st/stm32cubeide_1.10.1/stm32cubeide/plugins/com.st.stm32cube.ide.mcu.externaltools.gnu-tools-for-stm32.10.3-2021.10.win32_1.0.200.202301161003/tools/bin/../lib/gcc/arm-none-eabi/10.3.1/../../../../arm-none-eabi/lib/thumb/v7e-m+fp/hard\libc_nano.a
START GROUP
LOAD c:/st/stm32cubeide_1.10.1/stm32cubeide/plugins/com.st.stm32cube.ide.mcu.externaltools.gnu-tools-for-stm32.10.3-2021.10.win32_1.0.200.202301161003/tools/bin/../lib/gcc/arm-none-eabi/10.3.1/thumb/v7e-m+fp/hard\libgcc.a
LOAD c:/st/stm32cubeide_1.10.1/stm32cubeide/plugins/com.st.stm32cube.ide.mcu.externaltools.gnu-tools-for-stm32.10.3-2021.10.win32_1.0.200.202301161003/tools/bin/../lib/gcc/arm-none-eabi/10.3.1/../../../../arm-none-eabi/lib/thumb/v7e-m+fp/hard\libc_nano.a
END GROUP
START GROUP
LOAD c:/st/stm32cubeide_1.10.1/stm32cubeide/plugins/com.st.stm32cube.ide.mcu.externaltools.gnu-tools-for-stm32.10.3-2021.10.win32_1.0.200.202301161003/tools/bin/../lib/gcc/arm-none-eabi/10.3.1/thumb/v7e-m+fp/hard\libgcc.a
LOAD c:/st/stm32cubeide_1.10.1/stm32cubeide/plugins/com.st.stm32cube.ide.mcu.externaltools.gnu-tools-for-stm32.10.3-2021.10.win32_1.0.200.202301161003/tools/bin/../lib/gcc/arm-none-eabi/10.3.1/../../../../arm-none-eabi/lib/thumb/v7e-m+fp/hard\libc_nano.a
END GROUP
LOAD c:/st/stm32cubeide_1.10.1/stm32cubeide/plugins/com.st.stm32cube.ide.mcu.externaltools.gnu-tools-for-stm32.10.3-2021.10.win32_1.0.200.202301161003/tools/bin/../lib/gcc/arm-none-eabi/10.3.1/thumb/v7e-m+fp/hard/crtend.o
LOAD c:/st/stm32cubeide_1.10.1/stm32cubeide/plugins/com.st.stm32cube.ide.mcu.externaltools.gnu-tools-for-stm32.10.3-2021.10.win32_1.0.200.202301161003/tools/bin/../lib/gcc/arm-none-eabi/10.3.1/thumb/v7e-m+fp/hard/crtn.o
                0x0000000020020000                _estack = (ORIGIN (RAM) + LENGTH (RAM))
                0x0000000000000200                _Min_Heap_Size = 0x200
                0x0000000000000400                _Min_Stack_Size = 0x400

.isr_vector     0x0000000008000000      0x188
                0x0000000008000000                . = ALIGN (0x4)
 *(.isr_vector)
 .isr_vector    0x0000000008000000      0x188 ./Core/Startup/startup_stm32f407vgtx.o
                0x0000000008000000                g_pfnVectors
                0x0000000008000188                . = ALIGN (0x4)

.text           0x0000000008000190    0x13afc
                0x0000000008000190                . = ALIGN (0x4)
 *(.text)
 .text          0x0000000008000190       0x40 c:/st/stm32cubeide_1.10.1/stm32cubeide/plugins/com.st.stm32cube.ide.mcu.externaltools.gnu-tools-for-stm32.10.3-2021.10.win32_1.0.200.202301161003/tools/bin/../lib/gcc/arm-none-eabi/10.3.1/thumb/v7e-m+fp/hard/crtbegin.o
 .text          0x00000000080001d0       0x10 c:/st/stm32cubeide_1.10.1/stm32cubeide/plugins/com.st.stm32cube.ide.mcu.externaltools.gnu-tools-for-stm32.10.3-2021.10.win32_1.0.200.202301161003/tools/bin/../lib/gcc/arm-none-eabi/10.3.1/../../../../arm-none-eabi/lib/thumb/v7e-m+fp/hard\libc_nano.a(lib_a-strlen.o)
                0x00000000080001d0                strlen
 .text          0x00000000080001e0       0xa0 c:/st/stm32cubeide_1.10.1/stm32cubeide/plugins/com.st.stm32cube.ide.mcu.externaltools.gnu-tools-for-stm32.10.3-2021.10.win32_1.0.200.202301161003/tools/bin/../lib/gcc/arm-none-eabi/10.3.1/../../../../arm-none-eabi/lib/thumb/v7e-m+fp/hard\libc_nano.a(lib_a-memchr.o)
                0x00000000080001e0                memchr
 .text          0x0000000008000280      0x254 c:/st/stm32cubeide_1.10.1/stm32cubeide/plugins/com.st.stm32cube.ide.mcu.externaltools.gnu-tools-for-stm32.10.3-2021.10.win32_1.0.200.202301161003/tools/bin/../lib/gcc/arm-none-eabi/10.3.1/thumb/v7e-m+fp/hard\libgcc.a(_arm_muldf3.o)
                0x0000000008000280                __muldf3
                0x0000000008000280                __aeabi_dmul
 .text          0x00000000080004d4      0x378 c:/st/stm32cubeide_1.10.1/stm32cubeide/plugins/com.st.stm32cube.ide.mcu.externaltools.gnu-tools-for-stm32.10.3-2021.10.win32_1.0.200.202301161003/tools/bin/../lib/gcc/arm-none-eabi/10.3.1/thumb/v7e-m+fp/hard\libgcc.a(_arm_addsubdf3.o)
                0x00000000080004d4                __aeabi_drsub
                0x00000000080004dc                __aeabi_dsub
                0x00000000080004dc                __subdf3
                0x00000000080004e0                __aeabi_dadd
                0x00000000080004e0                __adddf3
                0x0000000008000758                __floatunsidf
                0x0000000008000758                __aeabi_ui2d
                0x0000000008000778                __floatsidf
                0x0000000008000778                __aeabi_i2d
                0x000000000800079c                __aeabi_f2d
                0x000000000800079c                __extendsfdf2
                0x00000000080007e0                __floatundidf
                0x00000000080007e0                __aeabi_ul2d
                0x00000000080007f0                __floatdidf
                0x00000000080007f0                __aeabi_l2d
 .text          0x000000000800084c       0x50 c:/st/stm32cubeide_1.10.1/stm32cubeide/plugins/com.st.stm32cube.ide.mcu.externaltools.gnu-tools-for-stm32.10.3-2021.10.win32_1.0.200.202301161003/tools/bin/../lib/gcc/arm-none-eabi/10.3.1/thumb/v7e-m+fp/hard\libgcc.a(_arm_fixdfsi.o)
                0x000000000800084c                __aeabi_d2iz
                0x000000000800084c                __fixdfsi
 .text          0x000000000800089c       0xa0 c:/st/stm32cubeide_1.10.1/stm32cubeide/plugins/com.st.stm32cube.ide.mcu.externaltools.gnu-tools-for-stm32.10.3-2021.10.win32_1.0.200.202301161003/tools/bin/../lib/gcc/arm-none-eabi/10.3.1/thumb/v7e-m+fp/hard\libgcc.a(_arm_truncdfsf2.o)
                0x000000000800089c                __truncdfsf2
                0x000000000800089c                __aeabi_d2f
 .text          0x000000000800093c       0x30 c:/st/stm32cubeide_1.10.1/stm32cubeide/plugins/com.st.stm32cube.ide.mcu.externaltools.gnu-tools-for-stm32.10.3-2021.10.win32_1.0.200.202301161003/tools/bin/../lib/gcc/arm-none-eabi/10.3.1/thumb/v7e-m+fp/hard\libgcc.a(_aeabi_uldivmod.o)
                0x000000000800093c                __aeabi_uldivmod
 .text          0x000000000800096c      0x2d0 c:/st/stm32cubeide_1.10.1/stm32cubeide/plugins/com.st.stm32cube.ide.mcu.externaltools.gnu-tools-for-stm32.10.3-2021.10.win32_1.0.200.202301161003/tools/bin/../lib/gcc/arm-none-eabi/10.3.1/thumb/v7e-m+fp/hard\libgcc.a(_udivmoddi4.o)
                0x000000000800096c                __udivmoddi4
 .text          0x0000000008000c3c        0x4 c:/st/stm32cubeide_1.10.1/stm32cubeide/plugins/com.st.stm32cube.ide.mcu.externaltools.gnu-tools-for-stm32.10.3-2021.10.win32_1.0.200.202301161003/tools/bin/../lib/gcc/arm-none-eabi/10.3.1/thumb/v7e-m+fp/hard\libgcc.a(_dvmd_tls.o)
                0x0000000008000c3c                __aeabi_idiv0
                0x0000000008000c3c                __aeabi_ldiv0
 *(.text*)
 .text._ZN3ros4TimeC2Ev
                0x0000000008000c40       0x22 ./Core/Src/AGV_sensor.o
                0x0000000008000c40                ros::Time::Time()
                0x0000000008000c40                ros::Time::Time()
 *fill*         0x0000000008000c62        0x2 
 .text._ZN3ros3MsgC2Ev
                0x0000000008000c64       0x20 ./Core/Src/AGV_sensor.o
                0x0000000008000c64                ros::Msg::Msg()
                0x0000000008000c64                ros::Msg::Msg()
 .text._ZN8std_msgs6HeaderC2Ev
                0x0000000008000c84       0x40 ./Core/Src/AGV_sensor.o
                0x0000000008000c84                std_msgs::Header::Header()
                0x0000000008000c84                std_msgs::Header::Header()
 .text._ZNK8std_msgs6Header9serializeEPh
                0x0000000008000cc4      0x130 ./Core/Src/AGV_sensor.o
                0x0000000008000cc4                std_msgs::Header::serialize(unsigned char*) const
 .text._ZN8std_msgs6Header11deserializeEPh
                0x0000000008000df4      0x180 ./Core/Src/AGV_sensor.o
                0x0000000008000df4                std_msgs::Header::deserialize(unsigned char*)
 .text._ZN8std_msgs6Header7getTypeEv
                0x0000000008000f74       0x1c ./Core/Src/AGV_sensor.o
                0x0000000008000f74                std_msgs::Header::getType()
 .text._ZN8std_msgs6Header6getMD5Ev
                0x0000000008000f90       0x1c ./Core/Src/AGV_sensor.o
                0x0000000008000f90                std_msgs::Header::getMD5()
 .text._ZN13geometry_msgs10QuaternionC2Ev
                0x0000000008000fac       0x5c ./Core/Src/AGV_sensor.o
                0x0000000008000fac                geometry_msgs::Quaternion::Quaternion()
                0x0000000008000fac                geometry_msgs::Quaternion::Quaternion()
 .text._ZNK13geometry_msgs10Quaternion9serializeEPh
                0x0000000008001008      0x3d4 ./Core/Src/AGV_sensor.o
                0x0000000008001008                geometry_msgs::Quaternion::serialize(unsigned char*) const
 .text._ZN13geometry_msgs10Quaternion11deserializeEPh
                0x00000000080013dc      0x914 ./Core/Src/AGV_sensor.o
                0x00000000080013dc                geometry_msgs::Quaternion::deserialize(unsigned char*)
 .text._ZN13geometry_msgs10Quaternion7getTypeEv
                0x0000000008001cf0       0x1c ./Core/Src/AGV_sensor.o
                0x0000000008001cf0                geometry_msgs::Quaternion::getType()
 .text._ZN13geometry_msgs10Quaternion6getMD5Ev
                0x0000000008001d0c       0x1c ./Core/Src/AGV_sensor.o
                0x0000000008001d0c                geometry_msgs::Quaternion::getMD5()
 .text._ZN13geometry_msgs7Vector3C2Ev
                0x0000000008001d28       0x50 ./Core/Src/AGV_sensor.o
                0x0000000008001d28                geometry_msgs::Vector3::Vector3()
                0x0000000008001d28                geometry_msgs::Vector3::Vector3()
 .text._ZNK13geometry_msgs7Vector39serializeEPh
                0x0000000008001d78      0x2e6 ./Core/Src/AGV_sensor.o
                0x0000000008001d78                geometry_msgs::Vector3::serialize(unsigned char*) const
 .text._ZN13geometry_msgs7Vector311deserializeEPh
                0x000000000800205e      0x6be ./Core/Src/AGV_sensor.o
                0x000000000800205e                geometry_msgs::Vector3::deserialize(unsigned char*)
 .text._ZN13geometry_msgs7Vector37getTypeEv
                0x000000000800271c       0x1c ./Core/Src/AGV_sensor.o
                0x000000000800271c                geometry_msgs::Vector3::getType()
 .text._ZN13geometry_msgs7Vector36getMD5Ev
                0x0000000008002738       0x1c ./Core/Src/AGV_sensor.o
                0x0000000008002738                geometry_msgs::Vector3::getMD5()
 .text._ZN11sensor_msgs3ImuC2Ev
                0x0000000008002754       0xa8 ./Core/Src/AGV_sensor.o
                0x0000000008002754                sensor_msgs::Imu::Imu()
                0x0000000008002754                sensor_msgs::Imu::Imu()
 .text._ZNK11sensor_msgs3Imu9serializeEPh
                0x00000000080027fc      0x396 ./Core/Src/AGV_sensor.o
                0x00000000080027fc                sensor_msgs::Imu::serialize(unsigned char*) const
 .text._ZN11sensor_msgs3Imu11deserializeEPh
                0x0000000008002b92      0x7ba ./Core/Src/AGV_sensor.o
                0x0000000008002b92                sensor_msgs::Imu::deserialize(unsigned char*)
 .text._ZN11sensor_msgs3Imu7getTypeEv
                0x000000000800334c       0x1c ./Core/Src/AGV_sensor.o
                0x000000000800334c                sensor_msgs::Imu::getType()
 .text._ZN11sensor_msgs3Imu6getMD5Ev
                0x0000000008003368       0x1c ./Core/Src/AGV_sensor.o
                0x0000000008003368                sensor_msgs::Imu::getMD5()
 .text._ZN9AGVSensorC2Ev
                0x0000000008003384       0x26 ./Core/Src/AGV_sensor.o
                0x0000000008003384                AGVSensor::AGVSensor()
                0x0000000008003384                AGVSensor::AGVSensor()
 .text._ZN9AGVSensorD2Ev
                0x00000000080033aa       0x16 ./Core/Src/AGV_sensor.o
                0x00000000080033aa                AGVSensor::~AGVSensor()
                0x00000000080033aa                AGVSensor::~AGVSensor()
 .text._ZN9AGVSensor4initEv
                0x00000000080033c0       0x32 ./Core/Src/AGV_sensor.o
                0x00000000080033c0                AGVSensor::init()
 .text._ZN9AGVSensor7initIMUEv
                0x00000000080033f2       0x1e ./Core/Src/AGV_sensor.o
                0x00000000080033f2                AGVSensor::initIMU()
 .text._ZN9AGVSensor9updateIMUEv
                0x0000000008003410       0x1e ./Core/Src/AGV_sensor.o
                0x0000000008003410                AGVSensor::updateIMU()
 .text._ZN9AGVSensor15calibrationGyroEv
                0x000000000800342e       0x8c ./Core/Src/AGV_sensor.o
                0x000000000800342e                AGVSensor::calibrationGyro()
 *fill*         0x00000000080034ba        0x2 
 .text._ZN3ros3MsgC2ERKS0_
                0x00000000080034bc       0x24 ./Core/Src/AGV_sensor.o
                0x00000000080034bc                ros::Msg::Msg(ros::Msg const&)
                0x00000000080034bc                ros::Msg::Msg(ros::Msg const&)
 .text._ZN8std_msgs6HeaderC2ERKS0_
                0x00000000080034e0       0x4c ./Core/Src/AGV_sensor.o
                0x00000000080034e0                std_msgs::Header::Header(std_msgs::Header const&)
                0x00000000080034e0                std_msgs::Header::Header(std_msgs::Header const&)
 .text._ZN13geometry_msgs10QuaternionC2ERKS0_
                0x000000000800352c       0x5c ./Core/Src/AGV_sensor.o
                0x000000000800352c                geometry_msgs::Quaternion::Quaternion(geometry_msgs::Quaternion const&)
                0x000000000800352c                geometry_msgs::Quaternion::Quaternion(geometry_msgs::Quaternion const&)
 .text._ZN13geometry_msgs7Vector3C2ERKS0_
                0x0000000008003588       0x50 ./Core/Src/AGV_sensor.o
                0x0000000008003588                geometry_msgs::Vector3::Vector3(geometry_msgs::Vector3 const&)
                0x0000000008003588                geometry_msgs::Vector3::Vector3(geometry_msgs::Vector3 const&)
 .text._ZN11sensor_msgs3ImuC2ERKS0_
                0x00000000080035d8       0xa8 ./Core/Src/AGV_sensor.o
                0x00000000080035d8                sensor_msgs::Imu::Imu(sensor_msgs::Imu const&)
                0x00000000080035d8                sensor_msgs::Imu::Imu(sensor_msgs::Imu const&)
 .text._ZN9AGVSensor6getIMUEv
                0x0000000008003680      0x2c8 ./Core/Src/AGV_sensor.o
                0x0000000008003680                AGVSensor::getIMU()
 .text._ZN3ros3Msg8varToArrIPhmEEvT_T0_
                0x0000000008003948       0x3c ./Core/Src/AGV_sensor.o
                0x0000000008003948                void ros::Msg::varToArr<unsigned char*, unsigned long>(unsigned char*, unsigned long)
 .text._ZN3ros3Msg8arrToVarImPhEEvRT_T0_
                0x0000000008003984       0x4a ./Core/Src/AGV_sensor.o
                0x0000000008003984                void ros::Msg::arrToVar<unsigned long, unsigned char*>(unsigned long&, unsigned char*)
 .text._ZN8Madgwick5beginEf
                0x00000000080039ce       0x2a ./Core/Src/IMU.o
                0x00000000080039ce                Madgwick::begin(float)
 .text._ZN8Madgwick7getRollEv
                0x00000000080039f8       0x34 ./Core/Src/IMU.o
                0x00000000080039f8                Madgwick::getRoll()
 .text._ZN8Madgwick8getPitchEv
                0x0000000008003a2c       0x34 ./Core/Src/IMU.o
                0x0000000008003a2c                Madgwick::getPitch()
 .text._ZN8Madgwick6getYawEv
                0x0000000008003a60       0x40 ./Core/Src/IMU.o
                0x0000000008003a60                Madgwick::getYaw()
 .text._Z6microsv
                0x0000000008003aa0       0x68 ./Core/Src/IMU.o
                0x0000000008003aa0                micros()
 .text._Z6millisv
                0x0000000008003b08        0xe ./Core/Src/IMU.o
                0x0000000008003b08                millis()
 .text._ZN4cIMUC2Ev
                0x0000000008003b16       0x50 ./Core/Src/IMU.o
                0x0000000008003b16                cIMU::cIMU()
                0x0000000008003b16                cIMU::cIMU()
 *fill*         0x0000000008003b66        0x2 
 .text._ZN4cIMU5beginEm
                0x0000000008003b68       0xe0 ./Core/Src/IMU.o
                0x0000000008003b68                cIMU::begin(unsigned long)
 .text._ZN4cIMU6updateEm
                0x0000000008003c48       0xf0 ./Core/Src/IMU.o
                0x0000000008003c48                cIMU::update(unsigned long)
 .text._ZN4cIMU10computeIMUEv
                0x0000000008003d38      0x3f0 ./Core/Src/IMU.o
                0x0000000008003d38                cIMU::computeIMU()
 .text._Z16MPU9250_Activatev
                0x0000000008004128       0x18 ./Core/Src/MPU9250.o
                0x0000000008004128                MPU9250_Activate()
 .text._Z18MPU9250_Deactivatev
                0x0000000008004140       0x18 ./Core/Src/MPU9250.o
                0x0000000008004140                MPU9250_Deactivate()
 .text._Z14SPIx_WriteReadh
                0x0000000008004158       0x44 ./Core/Src/MPU9250.o
                0x0000000008004158                SPIx_WriteRead(unsigned char)
 .text._Z13MPU_SPI_WritePhht
                0x000000000800419c       0x46 ./Core/Src/MPU9250.o
                0x000000000800419c                MPU_SPI_Write(unsigned char*, unsigned char, unsigned short)
 *fill*         0x00000000080041e2        0x2 
 .text._Z12MPU_SPI_ReadPhht
                0x00000000080041e4       0x4c ./Core/Src/MPU9250.o
                0x00000000080041e4                MPU_SPI_Read(unsigned char*, unsigned char, unsigned short)
 .text._Z13writeRegisterhh
                0x0000000008004230       0x2a ./Core/Src/MPU9250.o
                0x0000000008004230                writeRegister(unsigned char, unsigned char)
 .text._Z13readRegistershhPh
                0x000000000800425a       0x26 ./Core/Src/MPU9250.o
                0x000000000800425a                readRegisters(unsigned char, unsigned char, unsigned char*)
 .text._Z6whoAmIv
                0x0000000008004280       0x1c ./Core/Src/MPU9250.o
                0x0000000008004280                whoAmI()
 .text._ZN8cMPU9250C2Ev
                0x000000000800429c       0x28 ./Core/Src/MPU9250.o
                0x000000000800429c                cMPU9250::cMPU9250()
                0x000000000800429c                cMPU9250::cMPU9250()
 .text._ZN8cMPU92505beginEv
                0x00000000080042c4       0xc8 ./Core/Src/MPU9250.o
                0x00000000080042c4                cMPU9250::begin()
 .text._ZN8cMPU92504initEv
                0x000000000800438c       0x14 ./Core/Src/MPU9250.o
                0x000000000800438c                cMPU9250::init()
 .text._ZN8cMPU92509gyro_initEv
                0x00000000080043a0       0x54 ./Core/Src/MPU9250.o
                0x00000000080043a0                cMPU9250::gyro_init()
 .text._ZN8cMPU925012gyro_get_adcEv
                0x00000000080043f4       0x86 ./Core/Src/MPU9250.o
                0x00000000080043f4                cMPU9250::gyro_get_adc()
 .text._ZN8cMPU925015gyro_cali_startEv
                0x000000000800447a       0x24 ./Core/Src/MPU9250.o
                0x000000000800447a                cMPU9250::gyro_cali_start()
 *fill*         0x000000000800449e        0x2 
 .text._ZN8cMPU925011gyro_commonEv
                0x00000000080044a0      0x148 ./Core/Src/MPU9250.o
                0x00000000080044a0                cMPU9250::gyro_common()
 .text._ZN8cMPU92508acc_initEv
                0x00000000080045e8       0x4e ./Core/Src/MPU9250.o
                0x00000000080045e8                cMPU9250::acc_init()
 .text._ZN8cMPU925011acc_get_adcEv
                0x0000000008004636       0x8c ./Core/Src/MPU9250.o
                0x0000000008004636                cMPU9250::acc_get_adc()
 *fill*         0x00000000080046c2        0x2 
 .text._ZN8cMPU925010acc_commonEv
                0x00000000080046c4       0xe8 ./Core/Src/MPU9250.o
                0x00000000080046c4                cMPU9250::acc_common()
 .text._ZN8cMPU925018gyro_cali_get_doneEv
                0x00000000080047ac       0x22 ./Core/Src/MPU9250.o
                0x00000000080047ac                cMPU9250::gyro_cali_get_done()
 *fill*         0x00000000080047ce        0x2 
 .text._ZN8MadgwickC2Ev
                0x00000000080047d0       0x50 ./Core/Src/MadgwickAHRS.o
                0x00000000080047d0                Madgwick::Madgwick()
                0x00000000080047d0                Madgwick::Madgwick()
 .text._ZN8Madgwick9updateIMUEffffff
                0x0000000008004820      0x664 ./Core/Src/MadgwickAHRS.o
                0x0000000008004820                Madgwick::updateIMU(float, float, float, float, float, float)
 .text._ZN8Madgwick7invSqrtEf
                0x0000000008004e84       0xa0 ./Core/Src/MadgwickAHRS.o
                0x0000000008004e84                Madgwick::invSqrt(float)
 .text._ZN8Madgwick13computeAnglesEv
                0x0000000008004f24      0x120 ./Core/Src/MadgwickAHRS.o
                0x0000000008004f24                Madgwick::computeAngles()
 .text.main     0x0000000008005044       0x36 ./Core/Src/main.o
                0x0000000008005044                main
 *fill*         0x000000000800507a        0x2 
 .text._Z18SystemClock_Configv
                0x000000000800507c       0xe8 ./Core/Src/main.o
                0x000000000800507c                SystemClock_Config()
 .text._ZL12MX_I2C1_Initv
                0x0000000008005164       0x68 ./Core/Src/main.o
 .text._ZL12MX_I2S3_Initv
                0x00000000080051cc       0x68 ./Core/Src/main.o
 .text._ZL12MX_SPI1_Initv
                0x0000000008005234       0x78 ./Core/Src/main.o
 .text._ZL19MX_USART2_UART_Initv
                0x00000000080052ac       0x5c ./Core/Src/main.o
 .text._ZL11MX_DMA_Initv
                0x0000000008005308       0x50 ./Core/Src/main.o
 .text._ZL12MX_GPIO_Initv
                0x0000000008005358      0x21c ./Core/Src/main.o
 .text.Error_Handler
                0x0000000008005574        0xa ./Core/Src/main.o
                0x0000000008005574                Error_Handler
 *fill*         0x000000000800557e        0x2 
 .text._ZN8std_msgs4TimeC2Ev
                0x0000000008005580       0x30 ./Core/Src/mainpp.o
                0x0000000008005580                std_msgs::Time::Time()
                0x0000000008005580                std_msgs::Time::Time()
 .text._ZNK8std_msgs4Time9serializeEPh
                0x00000000080055b0       0xb0 ./Core/Src/mainpp.o
                0x00000000080055b0                std_msgs::Time::serialize(unsigned char*) const
 .text._ZN8std_msgs4Time11deserializeEPh
                0x0000000008005660       0xc8 ./Core/Src/mainpp.o
                0x0000000008005660                std_msgs::Time::deserialize(unsigned char*)
 .text._ZN8std_msgs4Time7getTypeEv
                0x0000000008005728       0x1c ./Core/Src/mainpp.o
                0x0000000008005728                std_msgs::Time::getType()
 .text._ZN8std_msgs4Time6getMD5Ev
                0x0000000008005744       0x1c ./Core/Src/mainpp.o
                0x0000000008005744                std_msgs::Time::getMD5()
 .text._ZN14rosserial_msgs9TopicInfoC2Ev
                0x0000000008005760       0x48 ./Core/Src/mainpp.o
                0x0000000008005760                rosserial_msgs::TopicInfo::TopicInfo()
                0x0000000008005760                rosserial_msgs::TopicInfo::TopicInfo()
 .text._ZNK14rosserial_msgs9TopicInfo9serializeEPh
                0x00000000080057a8      0x136 ./Core/Src/mainpp.o
                0x00000000080057a8                rosserial_msgs::TopicInfo::serialize(unsigned char*) const
 .text._ZN14rosserial_msgs9TopicInfo11deserializeEPh
                0x00000000080058de      0x1d0 ./Core/Src/mainpp.o
                0x00000000080058de                rosserial_msgs::TopicInfo::deserialize(unsigned char*)
 *fill*         0x0000000008005aae        0x2 
 .text._ZN14rosserial_msgs9TopicInfo7getTypeEv
                0x0000000008005ab0       0x1c ./Core/Src/mainpp.o
                0x0000000008005ab0                rosserial_msgs::TopicInfo::getType()
 .text._ZN14rosserial_msgs9TopicInfo6getMD5Ev
                0x0000000008005acc       0x1c ./Core/Src/mainpp.o
                0x0000000008005acc                rosserial_msgs::TopicInfo::getMD5()
 .text._ZN14rosserial_msgs3LogC2Ev
                0x0000000008005ae8       0x34 ./Core/Src/mainpp.o
                0x0000000008005ae8                rosserial_msgs::Log::Log()
                0x0000000008005ae8                rosserial_msgs::Log::Log()
 .text._ZNK14rosserial_msgs3Log9serializeEPh
                0x0000000008005b1c       0x64 ./Core/Src/mainpp.o
                0x0000000008005b1c                rosserial_msgs::Log::serialize(unsigned char*) const
 .text._ZN14rosserial_msgs3Log11deserializeEPh
                0x0000000008005b80       0x90 ./Core/Src/mainpp.o
                0x0000000008005b80                rosserial_msgs::Log::deserialize(unsigned char*)
 .text._ZN14rosserial_msgs3Log7getTypeEv
                0x0000000008005c10       0x1c ./Core/Src/mainpp.o
                0x0000000008005c10                rosserial_msgs::Log::getType()
 .text._ZN14rosserial_msgs3Log6getMD5Ev
                0x0000000008005c2c       0x1c ./Core/Src/mainpp.o
                0x0000000008005c2c                rosserial_msgs::Log::getMD5()
 .text._ZN14rosserial_msgs20RequestParamResponseC2Ev
                0x0000000008005c48       0x5c ./Core/Src/mainpp.o
                0x0000000008005c48                rosserial_msgs::RequestParamResponse::RequestParamResponse()
                0x0000000008005c48                rosserial_msgs::RequestParamResponse::RequestParamResponse()
 .text._ZNK14rosserial_msgs20RequestParamResponse9serializeEPh
                0x0000000008005ca4      0x222 ./Core/Src/mainpp.o
                0x0000000008005ca4                rosserial_msgs::RequestParamResponse::serialize(unsigned char*) const
 .text._ZN14rosserial_msgs20RequestParamResponse11deserializeEPh
                0x0000000008005ec6      0x2e2 ./Core/Src/mainpp.o
                0x0000000008005ec6                rosserial_msgs::RequestParamResponse::deserialize(unsigned char*)
 .text._ZN14rosserial_msgs20RequestParamResponse7getTypeEv
                0x00000000080061a8       0x1c ./Core/Src/mainpp.o
                0x00000000080061a8                rosserial_msgs::RequestParamResponse::getType()
 .text._ZN14rosserial_msgs20RequestParamResponse6getMD5Ev
                0x00000000080061c4       0x1c ./Core/Src/mainpp.o
                0x00000000080061c4                rosserial_msgs::RequestParamResponse::getMD5()
 .text._ZN3ros9PublisherC2EPKcPNS_3MsgEi
                0x00000000080061e0       0x2e ./Core/Src/mainpp.o
                0x00000000080061e0                ros::Publisher::Publisher(char const*, ros::Msg*, int)
                0x00000000080061e0                ros::Publisher::Publisher(char const*, ros::Msg*, int)
 .text._ZN3ros9Publisher7publishEPKNS_3MsgE
                0x000000000800620e       0x28 ./Core/Src/mainpp.o
                0x000000000800620e                ros::Publisher::publish(ros::Msg const*)
 .text._ZN3ros9Publisher15getEndpointTypeEv
                0x0000000008006236       0x18 ./Core/Src/mainpp.o
                0x0000000008006236                ros::Publisher::getEndpointType()
 .text._ZN13STM32Hardware10getRdmaIndEv
                0x000000000800624e       0x26 ./Core/Src/mainpp.o
                0x000000000800624e                STM32Hardware::getRdmaInd()
 .text._ZN13STM32HardwareC2Ev
                0x0000000008006274       0x38 ./Core/Src/mainpp.o
                0x0000000008006274                STM32Hardware::STM32Hardware()
                0x0000000008006274                STM32Hardware::STM32Hardware()
 .text._ZN13STM32Hardware4initEv
                0x00000000080062ac       0x16 ./Core/Src/mainpp.o
                0x00000000080062ac                STM32Hardware::init()
 .text._ZN13STM32Hardware10reset_rbufEv
                0x00000000080062c2       0x22 ./Core/Src/mainpp.o
                0x00000000080062c2                STM32Hardware::reset_rbuf()
 .text._ZN13STM32Hardware4readEv
                0x00000000080062e4       0x5a ./Core/Src/mainpp.o
                0x00000000080062e4                STM32Hardware::read()
 *fill*         0x000000000800633e        0x2 
 .text._ZN13STM32Hardware5flushEv
                0x0000000008006340       0xbc ./Core/Src/mainpp.o
                0x0000000008006340                STM32Hardware::flush()
 .text._ZN13STM32Hardware5writeEPhi
                0x00000000080063fc       0x9c ./Core/Src/mainpp.o
                0x00000000080063fc                STM32Hardware::write(unsigned char*, int)
 .text._ZN13STM32Hardware4timeEv
                0x0000000008006498       0x16 ./Core/Src/mainpp.o
                0x0000000008006498                STM32Hardware::time()
 *fill*         0x00000000080064ae        0x2 
 .text._ZN8std_msgs6StringC2Ev
                0x00000000080064b0       0x30 ./Core/Src/mainpp.o
                0x00000000080064b0                std_msgs::String::String()
                0x00000000080064b0                std_msgs::String::String()
 .text._ZNK8std_msgs6String9serializeEPh
                0x00000000080064e0       0x52 ./Core/Src/mainpp.o
                0x00000000080064e0                std_msgs::String::serialize(unsigned char*) const
 .text._ZN8std_msgs6String11deserializeEPh
                0x0000000008006532       0x7e ./Core/Src/mainpp.o
                0x0000000008006532                std_msgs::String::deserialize(unsigned char*)
 .text._ZN8std_msgs6String7getTypeEv
                0x00000000080065b0       0x1c ./Core/Src/mainpp.o
                0x00000000080065b0                std_msgs::String::getType()
 .text._ZN8std_msgs6String6getMD5Ev
                0x00000000080065cc       0x1c ./Core/Src/mainpp.o
                0x00000000080065cc                std_msgs::String::getMD5()
 .text._ZN3ros15NodeHandleBase_C2Ev
                0x00000000080065e8       0x20 ./Core/Src/mainpp.o
                0x00000000080065e8                ros::NodeHandleBase_::NodeHandleBase_()
                0x00000000080065e8                ros::NodeHandleBase_::NodeHandleBase_()
 .text._ZN3ros11NodeHandle_I13STM32HardwareLi25ELi25ELi1024ELi1024EEC2Ev
                0x0000000008006608      0x12c ./Core/Src/mainpp.o
                0x0000000008006608                ros::NodeHandle_<STM32Hardware, 25, 25, 1024, 1024>::NodeHandle_()
                0x0000000008006608                ros::NodeHandle_<STM32Hardware, 25, 25, 1024, 1024>::NodeHandle_()
 .text.HAL_UART_TxCpltCallback
                0x0000000008006734       0x30 ./Core/Src/mainpp.o
                0x0000000008006734                HAL_UART_TxCpltCallback
 .text.HAL_UART_RxCpltCallback
                0x0000000008006764       0x30 ./Core/Src/mainpp.o
                0x0000000008006764                HAL_UART_RxCpltCallback
 .text._Z14updateGyroCalib
                0x0000000008006794       0x80 ./Core/Src/mainpp.o
                0x0000000008006794                updateGyroCali(bool)
 .text._Z6rosNowv
                0x0000000008006814       0x20 ./Core/Src/mainpp.o
                0x0000000008006814                rosNow()
 .text._ZN3ros3MsgaSEOS0_
                0x0000000008006834       0x18 ./Core/Src/mainpp.o
                0x0000000008006834                ros::Msg::operator=(ros::Msg&&)
 .text._ZN8std_msgs6HeaderaSEOS0_
                0x000000000800684c       0x40 ./Core/Src/mainpp.o
                0x000000000800684c                std_msgs::Header::operator=(std_msgs::Header&&)
 .text._ZN13geometry_msgs10QuaternionaSEOS0_
                0x000000000800688c       0x50 ./Core/Src/mainpp.o
                0x000000000800688c                geometry_msgs::Quaternion::operator=(geometry_msgs::Quaternion&&)
 .text._ZN13geometry_msgs7Vector3aSEOS0_
                0x00000000080068dc       0x44 ./Core/Src/mainpp.o
                0x00000000080068dc                geometry_msgs::Vector3::operator=(geometry_msgs::Vector3&&)
 .text._ZN11sensor_msgs3ImuaSEOS0_
                0x0000000008006920       0xc8 ./Core/Src/mainpp.o
                0x0000000008006920                sensor_msgs::Imu::operator=(sensor_msgs::Imu&&)
 .text._Z13publishImuMsgv
                0x00000000080069e8       0x68 ./Core/Src/mainpp.o
                0x00000000080069e8                publishImuMsg()
 .text._Z14updateVariableb
                0x0000000008006a50       0x3c ./Core/Src/mainpp.o
                0x0000000008006a50                updateVariable(bool)
 .text.setup    0x0000000008006a8c       0x34 ./Core/Src/mainpp.o
                0x0000000008006a8c                setup
 .text.loop     0x0000000008006ac0       0x7c ./Core/Src/mainpp.o
                0x0000000008006ac0                loop
 .text._ZN3ros11NodeHandle_I13STM32HardwareLi25ELi25ELi1024ELi1024EE11getHardwareEv
                0x0000000008006b3c       0x18 ./Core/Src/mainpp.o
                0x0000000008006b3c                ros::NodeHandle_<STM32Hardware, 25, 25, 1024, 1024>::getHardware()
 .text._ZN3ros11NodeHandle_I13STM32HardwareLi25ELi25ELi1024ELi1024EE9connectedEv
                0x0000000008006b54       0x1e ./Core/Src/mainpp.o
                0x0000000008006b54                ros::NodeHandle_<STM32Hardware, 25, 25, 1024, 1024>::connected()
 .text._ZN3ros11NodeHandle_I13STM32HardwareLi25ELi25ELi1024ELi1024EE7loginfoEPKc
                0x0000000008006b72       0x1c ./Core/Src/mainpp.o
                0x0000000008006b72                ros::NodeHandle_<STM32Hardware, 25, 25, 1024, 1024>::loginfo(char const*)
 *fill*         0x0000000008006b8e        0x2 
 .text._ZN3ros11NodeHandle_I13STM32HardwareLi25ELi25ELi1024ELi1024EE3nowEv
                0x0000000008006b90       0x78 ./Core/Src/mainpp.o
                0x0000000008006b90                ros::NodeHandle_<STM32Hardware, 25, 25, 1024, 1024>::now()
 .text._ZN3ros11NodeHandle_I13STM32HardwareLi25ELi25ELi1024ELi1024EE8initNodeEv
                0x0000000008006c08       0x52 ./Core/Src/mainpp.o
                0x0000000008006c08                ros::NodeHandle_<STM32Hardware, 25, 25, 1024, 1024>::initNode()
 .text._ZN3ros11NodeHandle_I13STM32HardwareLi25ELi25ELi1024ELi1024EE9advertiseERNS_9PublisherE
                0x0000000008006c5a       0x60 ./Core/Src/mainpp.o
                0x0000000008006c5a                ros::NodeHandle_<STM32Hardware, 25, 25, 1024, 1024>::advertise(ros::Publisher&)
 .text._ZN3ros11NodeHandle_I13STM32HardwareLi25ELi25ELi1024ELi1024EE8spinOnceEv
                0x0000000008006cba      0x4e2 ./Core/Src/mainpp.o
                0x0000000008006cba                ros::NodeHandle_<STM32Hardware, 25, 25, 1024, 1024>::spinOnce()
 .text._ZN3ros11NodeHandle_I13STM32HardwareLi25ELi25ELi1024ELi1024EE3logEcPKc
                0x000000000800719c       0x38 ./Core/Src/mainpp.o
                0x000000000800719c                ros::NodeHandle_<STM32Hardware, 25, 25, 1024, 1024>::log(char, char const*)
 .text._ZN3ros11NodeHandle_I13STM32HardwareLi25ELi25ELi1024ELi1024EE15requestSyncTimeEv
                0x00000000080071d4       0x3c ./Core/Src/mainpp.o
                0x00000000080071d4                ros::NodeHandle_<STM32Hardware, 25, 25, 1024, 1024>::requestSyncTime()
 .text._ZN3ros11NodeHandle_I13STM32HardwareLi25ELi25ELi1024ELi1024EE15negotiateTopicsEv
                0x0000000008007210      0x1c2 ./Core/Src/mainpp.o
                0x0000000008007210                ros::NodeHandle_<STM32Hardware, 25, 25, 1024, 1024>::negotiateTopics()
 *fill*         0x00000000080073d2        0x2 
 .text._ZN3ros11NodeHandle_I13STM32HardwareLi25ELi25ELi1024ELi1024EE8syncTimeEPh
                0x00000000080073d4       0x9c ./Core/Src/mainpp.o
                0x00000000080073d4                ros::NodeHandle_<STM32Hardware, 25, 25, 1024, 1024>::syncTime(unsigned char*)
 .text._ZN3ros11NodeHandle_I13STM32HardwareLi25ELi25ELi1024ELi1024EE7publishEiPKNS_3MsgE
                0x0000000008007470      0x12c ./Core/Src/mainpp.o
                0x0000000008007470                ros::NodeHandle_<STM32Hardware, 25, 25, 1024, 1024>::publish(int, ros::Msg const*)
 .text._ZN3ros11NodeHandle_I13STM32HardwareLi25ELi25ELi1024ELi1024EE6setNowERKNS_4TimeE
                0x000000000800759c       0x80 ./Core/Src/mainpp.o
                0x000000000800759c                ros::NodeHandle_<STM32Hardware, 25, 25, 1024, 1024>::setNow(ros::Time const&)
 .text._ZN3ros11NodeHandle_I13STM32HardwareLi25ELi25ELi1024ELi1024EE8logerrorEPKc
                0x000000000800761c       0x1c ./Core/Src/mainpp.o
                0x000000000800761c                ros::NodeHandle_<STM32Hardware, 25, 25, 1024, 1024>::logerror(char const*)
 .text._Z41__static_initialization_and_destruction_0ii
                0x0000000008007638       0x88 ./Core/Src/mainpp.o
 .text._GLOBAL__sub_I_imu_frame_id
                0x00000000080076c0       0x10 ./Core/Src/mainpp.o
 .text._GLOBAL__sub_D_imu_frame_id
                0x00000000080076d0       0x10 ./Core/Src/mainpp.o
 .text.HAL_MspInit
                0x00000000080076e0       0x50 ./Core/Src/stm32f4xx_hal_msp.o
                0x00000000080076e0                HAL_MspInit
 .text.HAL_I2C_MspInit
                0x0000000008007730       0xb0 ./Core/Src/stm32f4xx_hal_msp.o
                0x0000000008007730                HAL_I2C_MspInit
 .text.HAL_I2S_MspInit
                0x00000000080077e0      0x100 ./Core/Src/stm32f4xx_hal_msp.o
                0x00000000080077e0                HAL_I2S_MspInit
 .text.HAL_SPI_MspInit
                0x00000000080078e0       0xa0 ./Core/Src/stm32f4xx_hal_msp.o
                0x00000000080078e0                HAL_SPI_MspInit
 .text.HAL_UART_MspInit
                0x0000000008007980      0x16c ./Core/Src/stm32f4xx_hal_msp.o
                0x0000000008007980                HAL_UART_MspInit
 .text.NMI_Handler
                0x0000000008007aec        0x6 ./Core/Src/stm32f4xx_it.o
                0x0000000008007aec                NMI_Handler
 .text.HardFault_Handler
                0x0000000008007af2        0x6 ./Core/Src/stm32f4xx_it.o
                0x0000000008007af2                HardFault_Handler
 .text.MemManage_Handler
                0x0000000008007af8        0x6 ./Core/Src/stm32f4xx_it.o
                0x0000000008007af8                MemManage_Handler
 .text.BusFault_Handler
                0x0000000008007afe        0x6 ./Core/Src/stm32f4xx_it.o
                0x0000000008007afe                BusFault_Handler
 .text.UsageFault_Handler
                0x0000000008007b04        0x6 ./Core/Src/stm32f4xx_it.o
                0x0000000008007b04                UsageFault_Handler
 .text.SVC_Handler
                0x0000000008007b0a        0xe ./Core/Src/stm32f4xx_it.o
                0x0000000008007b0a                SVC_Handler
 .text.DebugMon_Handler
                0x0000000008007b18        0xe ./Core/Src/stm32f4xx_it.o
                0x0000000008007b18                DebugMon_Handler
 .text.PendSV_Handler
                0x0000000008007b26        0xe ./Core/Src/stm32f4xx_it.o
                0x0000000008007b26                PendSV_Handler
 .text.SysTick_Handler
                0x0000000008007b34        0xc ./Core/Src/stm32f4xx_it.o
                0x0000000008007b34                SysTick_Handler
 .text.DMA1_Stream5_IRQHandler
                0x0000000008007b40       0x14 ./Core/Src/stm32f4xx_it.o
                0x0000000008007b40                DMA1_Stream5_IRQHandler
 .text.DMA1_Stream6_IRQHandler
                0x0000000008007b54       0x14 ./Core/Src/stm32f4xx_it.o
                0x0000000008007b54                DMA1_Stream6_IRQHandler
 .text.EXTI9_5_IRQHandler
                0x0000000008007b68        0xe ./Core/Src/stm32f4xx_it.o
                0x0000000008007b68                EXTI9_5_IRQHandler
 *fill*         0x0000000008007b76        0x2 
 .text.I2C1_EV_IRQHandler
                0x0000000008007b78       0x14 ./Core/Src/stm32f4xx_it.o
                0x0000000008007b78                I2C1_EV_IRQHandler
 .text.I2C1_ER_IRQHandler
                0x0000000008007b8c       0x14 ./Core/Src/stm32f4xx_it.o
                0x0000000008007b8c                I2C1_ER_IRQHandler
 .text.SPI1_IRQHandler
                0x0000000008007ba0       0x14 ./Core/Src/stm32f4xx_it.o
                0x0000000008007ba0                SPI1_IRQHandler
 .text.USART2_IRQHandler
                0x0000000008007bb4       0x14 ./Core/Src/stm32f4xx_it.o
                0x0000000008007bb4                USART2_IRQHandler
 .text.OTG_FS_IRQHandler
                0x0000000008007bc8       0x14 ./Core/Src/stm32f4xx_it.o
                0x0000000008007bc8                OTG_FS_IRQHandler
 .text._getpid  0x0000000008007bdc       0x10 ./Core/Src/syscalls.o
                0x0000000008007bdc                _getpid
 .text._kill    0x0000000008007bec       0x20 ./Core/Src/syscalls.o
                0x0000000008007bec                _kill
 .text._exit    0x0000000008007c0c       0x14 ./Core/Src/syscalls.o
                0x0000000008007c0c                _exit
 .text._sbrk    0x0000000008007c20       0x6c ./Core/Src/sysmem.o
                0x0000000008007c20                _sbrk
 .text.SystemInit
                0x0000000008007c8c       0x24 ./Core/Src/system_stm32f4xx.o
                0x0000000008007c8c                SystemInit
 .text._ZN3ros16normalizeSecNSecERmS0_
                0x0000000008007cb0       0x58 ./Core/Src/time.o
                0x0000000008007cb0                ros::normalizeSecNSec(unsigned long&, unsigned long&)
 .text.Reset_Handler
                0x0000000008007d08       0x50 ./Core/Startup/startup_stm32f407vgtx.o
                0x0000000008007d08                Reset_Handler
 .text.Default_Handler
                0x0000000008007d58        0x2 ./Core/Startup/startup_stm32f407vgtx.o
                0x0000000008007d58                RTC_Alarm_IRQHandler
                0x0000000008007d58                HASH_RNG_IRQHandler
                0x0000000008007d58                EXTI2_IRQHandler
                0x0000000008007d58                TIM8_CC_IRQHandler
                0x0000000008007d58                TIM1_CC_IRQHandler
                0x0000000008007d58                DMA2_Stream5_IRQHandler
                0x0000000008007d58                PVD_IRQHandler
                0x0000000008007d58                SDIO_IRQHandler
                0x0000000008007d58                TAMP_STAMP_IRQHandler
                0x0000000008007d58                CAN2_RX1_IRQHandler
                0x0000000008007d58                EXTI3_IRQHandler
                0x0000000008007d58                TIM8_TRG_COM_TIM14_IRQHandler
                0x0000000008007d58                TIM1_UP_TIM10_IRQHandler
                0x0000000008007d58                TIM8_UP_TIM13_IRQHandler
                0x0000000008007d58                I2C3_ER_IRQHandler
                0x0000000008007d58                EXTI0_IRQHandler
                0x0000000008007d58                I2C2_EV_IRQHandler
                0x0000000008007d58                DMA1_Stream2_IRQHandler
                0x0000000008007d58                CAN1_RX0_IRQHandler
                0x0000000008007d58                FPU_IRQHandler
                0x0000000008007d58                OTG_HS_WKUP_IRQHandler
                0x0000000008007d58                CAN2_SCE_IRQHandler
                0x0000000008007d58                DMA2_Stream2_IRQHandler
                0x0000000008007d58                TIM6_DAC_IRQHandler
                0x0000000008007d58                TIM1_BRK_TIM9_IRQHandler
                0x0000000008007d58                DCMI_IRQHandler
                0x0000000008007d58                CAN2_RX0_IRQHandler
                0x0000000008007d58                DMA2_Stream3_IRQHandler
                0x0000000008007d58                USART6_IRQHandler
                0x0000000008007d58                USART3_IRQHandler
                0x0000000008007d58                CAN1_RX1_IRQHandler
                0x0000000008007d58                UART5_IRQHandler
                0x0000000008007d58                DMA2_Stream0_IRQHandler
                0x0000000008007d58                TIM4_IRQHandler
                0x0000000008007d58                DMA1_Stream1_IRQHandler
                0x0000000008007d58                UART4_IRQHandler
                0x0000000008007d58                TIM3_IRQHandler
                0x0000000008007d58                RCC_IRQHandler
                0x0000000008007d58                TIM8_BRK_TIM12_IRQHandler
                0x0000000008007d58                Default_Handler
                0x0000000008007d58                EXTI15_10_IRQHandler
                0x0000000008007d58                ADC_IRQHandler
                0x0000000008007d58                DMA1_Stream7_IRQHandler
                0x0000000008007d58                TIM7_IRQHandler
                0x0000000008007d58                CAN2_TX_IRQHandler
                0x0000000008007d58                TIM5_IRQHandler
                0x0000000008007d58                DMA2_Stream7_IRQHandler
                0x0000000008007d58                I2C3_EV_IRQHandler
                0x0000000008007d58                RTC_WKUP_IRQHandler
                0x0000000008007d58                ETH_WKUP_IRQHandler
                0x0000000008007d58                SPI2_IRQHandler
                0x0000000008007d58                OTG_HS_EP1_IN_IRQHandler
                0x0000000008007d58                DMA1_Stream0_IRQHandler
                0x0000000008007d58                CAN1_TX_IRQHandler
                0x0000000008007d58                EXTI4_IRQHandler
                0x0000000008007d58                FSMC_IRQHandler
                0x0000000008007d58                ETH_IRQHandler
                0x0000000008007d58                OTG_HS_EP1_OUT_IRQHandler
                0x0000000008007d58                WWDG_IRQHandler
                0x0000000008007d58                TIM2_IRQHandler
                0x0000000008007d58                OTG_FS_WKUP_IRQHandler
                0x0000000008007d58                TIM1_TRG_COM_TIM11_IRQHandler
                0x0000000008007d58                OTG_HS_IRQHandler
                0x0000000008007d58                EXTI1_IRQHandler
                0x0000000008007d58                I2C2_ER_IRQHandler
                0x0000000008007d58                DMA2_Stream1_IRQHandler
                0x0000000008007d58                CAN1_SCE_IRQHandler
                0x0000000008007d58                FLASH_IRQHandler
                0x0000000008007d58                DMA2_Stream4_IRQHandler
                0x0000000008007d58                USART1_IRQHandler
                0x0000000008007d58                SPI3_IRQHandler
                0x0000000008007d58                DMA1_Stream4_IRQHandler
                0x0000000008007d58                DMA2_Stream6_IRQHandler
                0x0000000008007d58                DMA1_Stream3_IRQHandler
 *fill*         0x0000000008007d5a        0x2 
 .text.HAL_Init
                0x0000000008007d5c       0x44 ./Drivers/STM32F4xx_HAL_Driver/Src/stm32f4xx_hal.o
                0x0000000008007d5c                HAL_Init
 .text.HAL_InitTick
                0x0000000008007da0       0x60 ./Drivers/STM32F4xx_HAL_Driver/Src/stm32f4xx_hal.o
                0x0000000008007da0                HAL_InitTick
 .text.HAL_IncTick
                0x0000000008007e00       0x28 ./Drivers/STM32F4xx_HAL_Driver/Src/stm32f4xx_hal.o
                0x0000000008007e00                HAL_IncTick
 .text.HAL_GetTick
                0x0000000008007e28       0x18 ./Drivers/STM32F4xx_HAL_Driver/Src/stm32f4xx_hal.o
                0x0000000008007e28                HAL_GetTick
 .text.HAL_Delay
                0x0000000008007e40       0x48 ./Drivers/STM32F4xx_HAL_Driver/Src/stm32f4xx_hal.o
                0x0000000008007e40                HAL_Delay
 .text.__NVIC_SetPriorityGrouping
                0x0000000008007e88       0x48 ./Drivers/STM32F4xx_HAL_Driver/Src/stm32f4xx_hal_cortex.o
 .text.__NVIC_GetPriorityGrouping
                0x0000000008007ed0       0x1c ./Drivers/STM32F4xx_HAL_Driver/Src/stm32f4xx_hal_cortex.o
 .text.__NVIC_EnableIRQ
                0x0000000008007eec       0x3c ./Drivers/STM32F4xx_HAL_Driver/Src/stm32f4xx_hal_cortex.o
 .text.__NVIC_SetPriority
                0x0000000008007f28       0x54 ./Drivers/STM32F4xx_HAL_Driver/Src/stm32f4xx_hal_cortex.o
 .text.NVIC_EncodePriority
                0x0000000008007f7c       0x66 ./Drivers/STM32F4xx_HAL_Driver/Src/stm32f4xx_hal_cortex.o
 *fill*         0x0000000008007fe2        0x2 
 .text.SysTick_Config
                0x0000000008007fe4       0x44 ./Drivers/STM32F4xx_HAL_Driver/Src/stm32f4xx_hal_cortex.o
 .text.HAL_NVIC_SetPriorityGrouping
                0x0000000008008028       0x16 ./Drivers/STM32F4xx_HAL_Driver/Src/stm32f4xx_hal_cortex.o
                0x0000000008008028                HAL_NVIC_SetPriorityGrouping
 .text.HAL_NVIC_SetPriority
                0x000000000800803e       0x38 ./Drivers/STM32F4xx_HAL_Driver/Src/stm32f4xx_hal_cortex.o
                0x000000000800803e                HAL_NVIC_SetPriority
 .text.HAL_NVIC_EnableIRQ
                0x0000000008008076       0x1c ./Drivers/STM32F4xx_HAL_Driver/Src/stm32f4xx_hal_cortex.o
                0x0000000008008076                HAL_NVIC_EnableIRQ
 .text.HAL_SYSTICK_Config
                0x0000000008008092       0x18 ./Drivers/STM32F4xx_HAL_Driver/Src/stm32f4xx_hal_cortex.o
                0x0000000008008092                HAL_SYSTICK_Config
 *fill*         0x00000000080080aa        0x2 
 .text.HAL_DMA_Init
                0x00000000080080ac      0x15c ./Drivers/STM32F4xx_HAL_Driver/Src/stm32f4xx_hal_dma.o
                0x00000000080080ac                HAL_DMA_Init
 .text.HAL_DMA_Start_IT
                0x0000000008008208       0xb0 ./Drivers/STM32F4xx_HAL_Driver/Src/stm32f4xx_hal_dma.o
                0x0000000008008208                HAL_DMA_Start_IT
 .text.HAL_DMA_Abort
                0x00000000080082b8       0xe0 ./Drivers/STM32F4xx_HAL_Driver/Src/stm32f4xx_hal_dma.o
                0x00000000080082b8                HAL_DMA_Abort
 .text.HAL_DMA_Abort_IT
                0x0000000008008398       0x44 ./Drivers/STM32F4xx_HAL_Driver/Src/stm32f4xx_hal_dma.o
                0x0000000008008398                HAL_DMA_Abort_IT
 .text.HAL_DMA_IRQHandler
                0x00000000080083dc      0x314 ./Drivers/STM32F4xx_HAL_Driver/Src/stm32f4xx_hal_dma.o
                0x00000000080083dc                HAL_DMA_IRQHandler
 .text.HAL_DMA_GetState
                0x00000000080086f0       0x1c ./Drivers/STM32F4xx_HAL_Driver/Src/stm32f4xx_hal_dma.o
                0x00000000080086f0                HAL_DMA_GetState
 .text.DMA_SetConfig
                0x000000000800870c       0x5c ./Drivers/STM32F4xx_HAL_Driver/Src/stm32f4xx_hal_dma.o
 .text.DMA_CalcBaseAndBitshift
                0x0000000008008768       0x6c ./Drivers/STM32F4xx_HAL_Driver/Src/stm32f4xx_hal_dma.o
 .text.DMA_CheckFifoParam
                0x00000000080087d4       0xf8 ./Drivers/STM32F4xx_HAL_Driver/Src/stm32f4xx_hal_dma.o
 .text.HAL_GPIO_Init
                0x00000000080088cc      0x338 ./Drivers/STM32F4xx_HAL_Driver/Src/stm32f4xx_hal_gpio.o
                0x00000000080088cc                HAL_GPIO_Init
 .text.HAL_GPIO_WritePin
                0x0000000008008c04       0x32 ./Drivers/STM32F4xx_HAL_Driver/Src/stm32f4xx_hal_gpio.o
                0x0000000008008c04                HAL_GPIO_WritePin
 .text.HAL_GPIO_TogglePin
                0x0000000008008c36       0x34 ./Drivers/STM32F4xx_HAL_Driver/Src/stm32f4xx_hal_gpio.o
                0x0000000008008c36                HAL_GPIO_TogglePin
 *fill*         0x0000000008008c6a        0x2 
 .text.HAL_GPIO_EXTI_IRQHandler
                0x0000000008008c6c       0x30 ./Drivers/STM32F4xx_HAL_Driver/Src/stm32f4xx_hal_gpio.o
                0x0000000008008c6c                HAL_GPIO_EXTI_IRQHandler
 .text.HAL_GPIO_EXTI_Callback
                0x0000000008008c9c       0x16 ./Drivers/STM32F4xx_HAL_Driver/Src/stm32f4xx_hal_gpio.o
                0x0000000008008c9c                HAL_GPIO_EXTI_Callback
 .text.HAL_HCD_Init
                0x0000000008008cb2       0xc4 ./Drivers/STM32F4xx_HAL_Driver/Src/stm32f4xx_hal_hcd.o
                0x0000000008008cb2                HAL_HCD_Init
 .text.HAL_HCD_HC_Init
                0x0000000008008d76      0x11e ./Drivers/STM32F4xx_HAL_Driver/Src/stm32f4xx_hal_hcd.o
                0x0000000008008d76                HAL_HCD_HC_Init
 .text.HAL_HCD_HC_Halt
                0x0000000008008e94       0x46 ./Drivers/STM32F4xx_HAL_Driver/Src/stm32f4xx_hal_hcd.o
                0x0000000008008e94                HAL_HCD_HC_Halt
 *fill*         0x0000000008008eda        0x2 
 .text.HAL_HCD_HC_SubmitRequest
                0x0000000008008edc      0x2ac ./Drivers/STM32F4xx_HAL_Driver/Src/stm32f4xx_hal_hcd.o
                0x0000000008008edc                HAL_HCD_HC_SubmitRequest
 .text.HAL_HCD_IRQHandler
                0x0000000008009188      0x216 ./Drivers/STM32F4xx_HAL_Driver/Src/stm32f4xx_hal_hcd.o
                0x0000000008009188                HAL_HCD_IRQHandler
 .text.HAL_HCD_Start
                0x000000000800939e       0x46 ./Drivers/STM32F4xx_HAL_Driver/Src/stm32f4xx_hal_hcd.o
                0x000000000800939e                HAL_HCD_Start
 .text.HAL_HCD_Stop
                0x00000000080093e4       0x3a ./Drivers/STM32F4xx_HAL_Driver/Src/stm32f4xx_hal_hcd.o
                0x00000000080093e4                HAL_HCD_Stop
 .text.HAL_HCD_ResetPort
                0x000000000800941e       0x1c ./Drivers/STM32F4xx_HAL_Driver/Src/stm32f4xx_hal_hcd.o
                0x000000000800941e                HAL_HCD_ResetPort
 .text.HAL_HCD_HC_GetURBState
                0x000000000800943a       0x28 ./Drivers/STM32F4xx_HAL_Driver/Src/stm32f4xx_hal_hcd.o
                0x000000000800943a                HAL_HCD_HC_GetURBState
 .text.HAL_HCD_HC_GetXferCount
                0x0000000008009462       0x28 ./Drivers/STM32F4xx_HAL_Driver/Src/stm32f4xx_hal_hcd.o
                0x0000000008009462                HAL_HCD_HC_GetXferCount
 .text.HAL_HCD_GetCurrentFrame
                0x000000000800948a       0x1c ./Drivers/STM32F4xx_HAL_Driver/Src/stm32f4xx_hal_hcd.o
                0x000000000800948a                HAL_HCD_GetCurrentFrame
 .text.HAL_HCD_GetCurrentSpeed
                0x00000000080094a6       0x1c ./Drivers/STM32F4xx_HAL_Driver/Src/stm32f4xx_hal_hcd.o
                0x00000000080094a6                HAL_HCD_GetCurrentSpeed
 .text.HCD_HC_IN_IRQHandler
                0x00000000080094c2      0x6aa ./Drivers/STM32F4xx_HAL_Driver/Src/stm32f4xx_hal_hcd.o
 .text.HCD_HC_OUT_IRQHandler
                0x0000000008009b6c      0x6d2 ./Drivers/STM32F4xx_HAL_Driver/Src/stm32f4xx_hal_hcd.o
 .text.HCD_RXQLVL_IRQHandler
                0x000000000800a23e      0x1a4 ./Drivers/STM32F4xx_HAL_Driver/Src/stm32f4xx_hal_hcd.o
 .text.HCD_Port_IRQHandler
                0x000000000800a3e2       0xe6 ./Drivers/STM32F4xx_HAL_Driver/Src/stm32f4xx_hal_hcd.o
 .text.HAL_I2C_Init
                0x000000000800a4c8      0x288 ./Drivers/STM32F4xx_HAL_Driver/Src/stm32f4xx_hal_i2c.o
                0x000000000800a4c8                HAL_I2C_Init
 .text.HAL_I2C_EV_IRQHandler
                0x000000000800a750      0x2e2 ./Drivers/STM32F4xx_HAL_Driver/Src/stm32f4xx_hal_i2c.o
                0x000000000800a750                HAL_I2C_EV_IRQHandler
 .text.HAL_I2C_ER_IRQHandler
                0x000000000800aa32      0x14e ./Drivers/STM32F4xx_HAL_Driver/Src/stm32f4xx_hal_i2c.o
                0x000000000800aa32                HAL_I2C_ER_IRQHandler
 .text.HAL_I2C_MasterTxCpltCallback
                0x000000000800ab80       0x14 ./Drivers/STM32F4xx_HAL_Driver/Src/stm32f4xx_hal_i2c.o
                0x000000000800ab80                HAL_I2C_MasterTxCpltCallback
 .text.HAL_I2C_MasterRxCpltCallback
                0x000000000800ab94       0x14 ./Drivers/STM32F4xx_HAL_Driver/Src/stm32f4xx_hal_i2c.o
                0x000000000800ab94                HAL_I2C_MasterRxCpltCallback
 .text.HAL_I2C_SlaveTxCpltCallback
                0x000000000800aba8       0x14 ./Drivers/STM32F4xx_HAL_Driver/Src/stm32f4xx_hal_i2c.o
                0x000000000800aba8                HAL_I2C_SlaveTxCpltCallback
 .text.HAL_I2C_SlaveRxCpltCallback
                0x000000000800abbc       0x14 ./Drivers/STM32F4xx_HAL_Driver/Src/stm32f4xx_hal_i2c.o
                0x000000000800abbc                HAL_I2C_SlaveRxCpltCallback
 .text.HAL_I2C_AddrCallback
                0x000000000800abd0       0x1c ./Drivers/STM32F4xx_HAL_Driver/Src/stm32f4xx_hal_i2c.o
                0x000000000800abd0                HAL_I2C_AddrCallback
 .text.HAL_I2C_ListenCpltCallback
                0x000000000800abec       0x14 ./Drivers/STM32F4xx_HAL_Driver/Src/stm32f4xx_hal_i2c.o
                0x000000000800abec                HAL_I2C_ListenCpltCallback
 .text.HAL_I2C_MemTxCpltCallback
                0x000000000800ac00       0x14 ./Drivers/STM32F4xx_HAL_Driver/Src/stm32f4xx_hal_i2c.o
                0x000000000800ac00                HAL_I2C_MemTxCpltCallback
 .text.HAL_I2C_MemRxCpltCallback
                0x000000000800ac14       0x14 ./Drivers/STM32F4xx_HAL_Driver/Src/stm32f4xx_hal_i2c.o
                0x000000000800ac14                HAL_I2C_MemRxCpltCallback
 .text.HAL_I2C_ErrorCallback
                0x000000000800ac28       0x14 ./Drivers/STM32F4xx_HAL_Driver/Src/stm32f4xx_hal_i2c.o
                0x000000000800ac28                HAL_I2C_ErrorCallback
 .text.HAL_I2C_AbortCpltCallback
                0x000000000800ac3c       0x14 ./Drivers/STM32F4xx_HAL_Driver/Src/stm32f4xx_hal_i2c.o
                0x000000000800ac3c                HAL_I2C_AbortCpltCallback
 .text.I2C_MasterTransmit_TXE
                0x000000000800ac50      0x138 ./Drivers/STM32F4xx_HAL_Driver/Src/stm32f4xx_hal_i2c.o
 .text.I2C_MasterTransmit_BTF
                0x000000000800ad88       0xec ./Drivers/STM32F4xx_HAL_Driver/Src/stm32f4xx_hal_i2c.o
 .text.I2C_MemoryTransmit_TXE_BTF
                0x000000000800ae74      0x128 ./Drivers/STM32F4xx_HAL_Driver/Src/stm32f4xx_hal_i2c.o
 .text.I2C_MasterReceive_RXNE
                0x000000000800af9c      0x176 ./Drivers/STM32F4xx_HAL_Driver/Src/stm32f4xx_hal_i2c.o
 .text.I2C_MasterReceive_BTF
                0x000000000800b112      0x1d4 ./Drivers/STM32F4xx_HAL_Driver/Src/stm32f4xx_hal_i2c.o
 .text.I2C_Master_SB
                0x000000000800b2e6      0x10c ./Drivers/STM32F4xx_HAL_Driver/Src/stm32f4xx_hal_i2c.o
 .text.I2C_Master_ADD10
                0x000000000800b3f2       0x54 ./Drivers/STM32F4xx_HAL_Driver/Src/stm32f4xx_hal_i2c.o
 .text.I2C_Master_ADDR
                0x000000000800b446      0x322 ./Drivers/STM32F4xx_HAL_Driver/Src/stm32f4xx_hal_i2c.o
 .text.I2C_SlaveTransmit_TXE
                0x000000000800b768       0x7a ./Drivers/STM32F4xx_HAL_Driver/Src/stm32f4xx_hal_i2c.o
 .text.I2C_SlaveTransmit_BTF
                0x000000000800b7e2       0x42 ./Drivers/STM32F4xx_HAL_Driver/Src/stm32f4xx_hal_i2c.o
 .text.I2C_SlaveReceive_RXNE
                0x000000000800b824       0x7c ./Drivers/STM32F4xx_HAL_Driver/Src/stm32f4xx_hal_i2c.o
 .text.I2C_SlaveReceive_BTF
                0x000000000800b8a0       0x44 ./Drivers/STM32F4xx_HAL_Driver/Src/stm32f4xx_hal_i2c.o
 .text.I2C_Slave_ADDR
                0x000000000800b8e4       0x94 ./Drivers/STM32F4xx_HAL_Driver/Src/stm32f4xx_hal_i2c.o
 .text.I2C_Slave_STOPF
                0x000000000800b978      0x260 ./Drivers/STM32F4xx_HAL_Driver/Src/stm32f4xx_hal_i2c.o
 .text.I2C_Slave_AF
                0x000000000800bbd8       0xe0 ./Drivers/STM32F4xx_HAL_Driver/Src/stm32f4xx_hal_i2c.o
 .text.I2C_ITError
                0x000000000800bcb8      0x264 ./Drivers/STM32F4xx_HAL_Driver/Src/stm32f4xx_hal_i2c.o
 .text.I2C_DMAAbort
                0x000000000800bf1c      0x150 ./Drivers/STM32F4xx_HAL_Driver/Src/stm32f4xx_hal_i2c.o
 .text.I2C_WaitOnSTOPRequestThroughIT
                0x000000000800c06c       0x64 ./Drivers/STM32F4xx_HAL_Driver/Src/stm32f4xx_hal_i2c.o
 .text.I2C_ConvertOtherXferOptions
                0x000000000800c0d0       0x36 ./Drivers/STM32F4xx_HAL_Driver/Src/stm32f4xx_hal_i2c.o
 *fill*         0x000000000800c106        0x2 
 .text.HAL_I2S_Init
                0x000000000800c108      0x280 ./Drivers/STM32F4xx_HAL_Driver/Src/stm32f4xx_hal_i2s.o
                0x000000000800c108                HAL_I2S_Init
 .text.HAL_I2S_TxCpltCallback
                0x000000000800c388       0x14 ./Drivers/STM32F4xx_HAL_Driver/Src/stm32f4xx_hal_i2s.o
                0x000000000800c388                HAL_I2S_TxCpltCallback
 .text.HAL_I2S_RxCpltCallback
                0x000000000800c39c       0x14 ./Drivers/STM32F4xx_HAL_Driver/Src/stm32f4xx_hal_i2s.o
                0x000000000800c39c                HAL_I2S_RxCpltCallback
 .text.HAL_I2S_ErrorCallback
                0x000000000800c3b0       0x14 ./Drivers/STM32F4xx_HAL_Driver/Src/stm32f4xx_hal_i2s.o
                0x000000000800c3b0                HAL_I2S_ErrorCallback
 .text.I2S_Transmit_IT
                0x000000000800c3c4       0x5c ./Drivers/STM32F4xx_HAL_Driver/Src/stm32f4xx_hal_i2s.o
 .text.I2S_Receive_IT
                0x000000000800c420       0x5e ./Drivers/STM32F4xx_HAL_Driver/Src/stm32f4xx_hal_i2s.o
 .text.I2S_IRQHandler
                0x000000000800c47e      0x114 ./Drivers/STM32F4xx_HAL_Driver/Src/stm32f4xx_hal_i2s.o
 *fill*         0x000000000800c592        0x2 
 .text.HAL_I2SEx_FullDuplex_IRQHandler
                0x000000000800c594      0x2a8 ./Drivers/STM32F4xx_HAL_Driver/Src/stm32f4xx_hal_i2s_ex.o
                0x000000000800c594                HAL_I2SEx_FullDuplex_IRQHandler
 .text.HAL_I2SEx_TxRxCpltCallback
                0x000000000800c83c       0x14 ./Drivers/STM32F4xx_HAL_Driver/Src/stm32f4xx_hal_i2s_ex.o
                0x000000000800c83c                HAL_I2SEx_TxRxCpltCallback
 .text.I2SEx_TxISR_I2S
                0x000000000800c850       0x62 ./Drivers/STM32F4xx_HAL_Driver/Src/stm32f4xx_hal_i2s_ex.o
 *fill*         0x000000000800c8b2        0x2 
 .text.I2SEx_TxISR_I2SExt
                0x000000000800c8b4       0x98 ./Drivers/STM32F4xx_HAL_Driver/Src/stm32f4xx_hal_i2s_ex.o
 .text.I2SEx_RxISR_I2S
                0x000000000800c94c       0x64 ./Drivers/STM32F4xx_HAL_Driver/Src/stm32f4xx_hal_i2s_ex.o
 .text.I2SEx_RxISR_I2SExt
                0x000000000800c9b0       0x98 ./Drivers/STM32F4xx_HAL_Driver/Src/stm32f4xx_hal_i2s_ex.o
 .text.HAL_RCC_OscConfig
                0x000000000800ca48      0x4f0 ./Drivers/STM32F4xx_HAL_Driver/Src/stm32f4xx_hal_rcc.o
                0x000000000800ca48                HAL_RCC_OscConfig
 .text.HAL_RCC_ClockConfig
                0x000000000800cf38      0x1cc ./Drivers/STM32F4xx_HAL_Driver/Src/stm32f4xx_hal_rcc.o
                0x000000000800cf38                HAL_RCC_ClockConfig
 .text.HAL_RCC_GetSysClockFreq
                0x000000000800d104      0x20c ./Drivers/STM32F4xx_HAL_Driver/Src/stm32f4xx_hal_rcc.o
                0x000000000800d104                HAL_RCC_GetSysClockFreq
 .text.HAL_RCC_GetHCLKFreq
                0x000000000800d310       0x18 ./Drivers/STM32F4xx_HAL_Driver/Src/stm32f4xx_hal_rcc.o
                0x000000000800d310                HAL_RCC_GetHCLKFreq
 .text.HAL_RCC_GetPCLK1Freq
                0x000000000800d328       0x28 ./Drivers/STM32F4xx_HAL_Driver/Src/stm32f4xx_hal_rcc.o
                0x000000000800d328                HAL_RCC_GetPCLK1Freq
 .text.HAL_RCC_GetPCLK2Freq
                0x000000000800d350       0x28 ./Drivers/STM32F4xx_HAL_Driver/Src/stm32f4xx_hal_rcc.o
                0x000000000800d350                HAL_RCC_GetPCLK2Freq
 .text.HAL_RCCEx_PeriphCLKConfig
                0x000000000800d378      0x1c4 ./Drivers/STM32F4xx_HAL_Driver/Src/stm32f4xx_hal_rcc_ex.o
                0x000000000800d378                HAL_RCCEx_PeriphCLKConfig
 .text.HAL_RCCEx_GetPeriphCLKFreq
                0x000000000800d53c       0xbc ./Drivers/STM32F4xx_HAL_Driver/Src/stm32f4xx_hal_rcc_ex.o
                0x000000000800d53c                HAL_RCCEx_GetPeriphCLKFreq
 .text.HAL_SPI_Init
                0x000000000800d5f8      0x112 ./Drivers/STM32F4xx_HAL_Driver/Src/stm32f4xx_hal_spi.o
                0x000000000800d5f8                HAL_SPI_Init
 .text.HAL_SPI_Transmit
                0x000000000800d70a      0x278 ./Drivers/STM32F4xx_HAL_Driver/Src/stm32f4xx_hal_spi.o
                0x000000000800d70a                HAL_SPI_Transmit
 .text.HAL_SPI_Receive
                0x000000000800d982      0x222 ./Drivers/STM32F4xx_HAL_Driver/Src/stm32f4xx_hal_spi.o
                0x000000000800d982                HAL_SPI_Receive
 .text.HAL_SPI_TransmitReceive
                0x000000000800dba4      0x344 ./Drivers/STM32F4xx_HAL_Driver/Src/stm32f4xx_hal_spi.o
                0x000000000800dba4                HAL_SPI_TransmitReceive
 .text.HAL_SPI_IRQHandler
                0x000000000800dee8      0x200 ./Drivers/STM32F4xx_HAL_Driver/Src/stm32f4xx_hal_spi.o
                0x000000000800dee8                HAL_SPI_IRQHandler
 .text.HAL_SPI_ErrorCallback
                0x000000000800e0e8       0x14 ./Drivers/STM32F4xx_HAL_Driver/Src/stm32f4xx_hal_spi.o
                0x000000000800e0e8                HAL_SPI_ErrorCallback
 .text.SPI_DMAAbortOnError
                0x000000000800e0fc       0x28 ./Drivers/STM32F4xx_HAL_Driver/Src/stm32f4xx_hal_spi.o
 .text.SPI_WaitFlagStateUntilTimeout
                0x000000000800e124      0x110 ./Drivers/STM32F4xx_HAL_Driver/Src/stm32f4xx_hal_spi.o
 .text.SPI_EndRxTransaction
                0x000000000800e234       0xca ./Drivers/STM32F4xx_HAL_Driver/Src/stm32f4xx_hal_spi.o
 *fill*         0x000000000800e2fe        0x2 
 .text.SPI_EndRxTxTransaction
                0x000000000800e300       0x84 ./Drivers/STM32F4xx_HAL_Driver/Src/stm32f4xx_hal_spi.o
 .text.HAL_UART_Init
                0x000000000800e384       0x9a ./Drivers/STM32F4xx_HAL_Driver/Src/stm32f4xx_hal_uart.o
                0x000000000800e384                HAL_UART_Init
 *fill*         0x000000000800e41e        0x2 
 .text.HAL_UART_Transmit_DMA
                0x000000000800e420       0xfc ./Drivers/STM32F4xx_HAL_Driver/Src/stm32f4xx_hal_uart.o
                0x000000000800e420                HAL_UART_Transmit_DMA
 .text.HAL_UART_Receive_DMA
                0x000000000800e51c       0x60 ./Drivers/STM32F4xx_HAL_Driver/Src/stm32f4xx_hal_uart.o
                0x000000000800e51c                HAL_UART_Receive_DMA
 .text.HAL_UART_IRQHandler
                0x000000000800e57c      0x51c ./Drivers/STM32F4xx_HAL_Driver/Src/stm32f4xx_hal_uart.o
                0x000000000800e57c                HAL_UART_IRQHandler
 .text.HAL_UART_TxHalfCpltCallback
                0x000000000800ea98       0x14 ./Drivers/STM32F4xx_HAL_Driver/Src/stm32f4xx_hal_uart.o
                0x000000000800ea98                HAL_UART_TxHalfCpltCallback
 .text.HAL_UART_RxHalfCpltCallback
                0x000000000800eaac       0x14 ./Drivers/STM32F4xx_HAL_Driver/Src/stm32f4xx_hal_uart.o
                0x000000000800eaac                HAL_UART_RxHalfCpltCallback
 .text.HAL_UART_ErrorCallback
                0x000000000800eac0       0x14 ./Drivers/STM32F4xx_HAL_Driver/Src/stm32f4xx_hal_uart.o
                0x000000000800eac0                HAL_UART_ErrorCallback
 .text.HAL_UARTEx_RxEventCallback
                0x000000000800ead4       0x18 ./Drivers/STM32F4xx_HAL_Driver/Src/stm32f4xx_hal_uart.o
                0x000000000800ead4                HAL_UARTEx_RxEventCallback
 .text.UART_DMATransmitCplt
                0x000000000800eaec       0x9a ./Drivers/STM32F4xx_HAL_Driver/Src/stm32f4xx_hal_uart.o
 .text.UART_DMATxHalfCplt
                0x000000000800eb86       0x1c ./Drivers/STM32F4xx_HAL_Driver/Src/stm32f4xx_hal_uart.o
 .text.UART_DMAReceiveCplt
                0x000000000800eba2      0x126 ./Drivers/STM32F4xx_HAL_Driver/Src/stm32f4xx_hal_uart.o
 .text.UART_DMARxHalfCplt
                0x000000000800ecc8       0x36 ./Drivers/STM32F4xx_HAL_Driver/Src/stm32f4xx_hal_uart.o
 .text.UART_DMAError
                0x000000000800ecfe       0x94 ./Drivers/STM32F4xx_HAL_Driver/Src/stm32f4xx_hal_uart.o
 *fill*         0x000000000800ed92        0x2 
 .text.UART_Start_Receive_DMA
                0x000000000800ed94      0x13c ./Drivers/STM32F4xx_HAL_Driver/Src/stm32f4xx_hal_uart.o
                0x000000000800ed94                UART_Start_Receive_DMA
 .text.UART_EndTxTransfer
                0x000000000800eed0       0x50 ./Drivers/STM32F4xx_HAL_Driver/Src/stm32f4xx_hal_uart.o
 .text.UART_EndRxTransfer
                0x000000000800ef20       0xc6 ./Drivers/STM32F4xx_HAL_Driver/Src/stm32f4xx_hal_uart.o
 .text.UART_DMAAbortOnError
                0x000000000800efe6       0x28 ./Drivers/STM32F4xx_HAL_Driver/Src/stm32f4xx_hal_uart.o
 .text.UART_Transmit_IT
                0x000000000800f00e       0xa0 ./Drivers/STM32F4xx_HAL_Driver/Src/stm32f4xx_hal_uart.o
 .text.UART_EndTransmit_IT
                0x000000000800f0ae       0x30 ./Drivers/STM32F4xx_HAL_Driver/Src/stm32f4xx_hal_uart.o
 .text.UART_Receive_IT
                0x000000000800f0de      0x176 ./Drivers/STM32F4xx_HAL_Driver/Src/stm32f4xx_hal_uart.o
 .text.UART_SetConfig
                0x000000000800f254      0x4e8 ./Drivers/STM32F4xx_HAL_Driver/Src/stm32f4xx_hal_uart.o
 .text.USB_CoreInit
                0x000000000800f73c       0xc2 ./Drivers/STM32F4xx_HAL_Driver/Src/stm32f4xx_ll_usb.o
                0x000000000800f73c                USB_CoreInit
 .text.USB_EnableGlobalInt
                0x000000000800f7fe       0x22 ./Drivers/STM32F4xx_HAL_Driver/Src/stm32f4xx_ll_usb.o
                0x000000000800f7fe                USB_EnableGlobalInt
 .text.USB_DisableGlobalInt
                0x000000000800f820       0x22 ./Drivers/STM32F4xx_HAL_Driver/Src/stm32f4xx_ll_usb.o
                0x000000000800f820                USB_DisableGlobalInt
 .text.USB_SetCurrentMode
                0x000000000800f842       0x98 ./Drivers/STM32F4xx_HAL_Driver/Src/stm32f4xx_ll_usb.o
                0x000000000800f842                USB_SetCurrentMode
 *fill*         0x000000000800f8da        0x2 
 .text.USB_FlushTxFifo
                0x000000000800f8dc       0x68 ./Drivers/STM32F4xx_HAL_Driver/Src/stm32f4xx_ll_usb.o
                0x000000000800f8dc                USB_FlushTxFifo
 .text.USB_FlushRxFifo
                0x000000000800f944       0x60 ./Drivers/STM32F4xx_HAL_Driver/Src/stm32f4xx_ll_usb.o
                0x000000000800f944                USB_FlushRxFifo
 .text.USB_WritePacket
                0x000000000800f9a4       0x7c ./Drivers/STM32F4xx_HAL_Driver/Src/stm32f4xx_ll_usb.o
                0x000000000800f9a4                USB_WritePacket
 .text.USB_ReadPacket
                0x000000000800fa20       0xb0 ./Drivers/STM32F4xx_HAL_Driver/Src/stm32f4xx_ll_usb.o
                0x000000000800fa20                USB_ReadPacket
 .text.USB_ReadInterrupts
                0x000000000800fad0       0x26 ./Drivers/STM32F4xx_HAL_Driver/Src/stm32f4xx_ll_usb.o
                0x000000000800fad0                USB_ReadInterrupts
 .text.USB_GetMode
                0x000000000800faf6       0x1c ./Drivers/STM32F4xx_HAL_Driver/Src/stm32f4xx_ll_usb.o
                0x000000000800faf6                USB_GetMode
 *fill*         0x000000000800fb12        0x2 
 .text.USB_CoreReset
                0x000000000800fb14       0x68 ./Drivers/STM32F4xx_HAL_Driver/Src/stm32f4xx_ll_usb.o
 .text.USB_HostInit
                0x000000000800fb7c      0x180 ./Drivers/STM32F4xx_HAL_Driver/Src/stm32f4xx_ll_usb.o
                0x000000000800fb7c                USB_HostInit
 .text.USB_InitFSLSPClkSel
                0x000000000800fcfc       0x74 ./Drivers/STM32F4xx_HAL_Driver/Src/stm32f4xx_ll_usb.o
                0x000000000800fcfc                USB_InitFSLSPClkSel
 .text.USB_ResetPort
                0x000000000800fd70       0x54 ./Drivers/STM32F4xx_HAL_Driver/Src/stm32f4xx_ll_usb.o
                0x000000000800fd70                USB_ResetPort
 .text.USB_DriveVbus
                0x000000000800fdc4       0x72 ./Drivers/STM32F4xx_HAL_Driver/Src/stm32f4xx_ll_usb.o
                0x000000000800fdc4                USB_DriveVbus
 .text.USB_GetHostSpeed
                0x000000000800fe36       0x2e ./Drivers/STM32F4xx_HAL_Driver/Src/stm32f4xx_ll_usb.o
                0x000000000800fe36                USB_GetHostSpeed
 .text.USB_GetCurrentFrame
                0x000000000800fe64       0x22 ./Drivers/STM32F4xx_HAL_Driver/Src/stm32f4xx_ll_usb.o
                0x000000000800fe64                USB_GetCurrentFrame
 *fill*         0x000000000800fe86        0x2 
 .text.USB_HC_Init
                0x000000000800fe88      0x244 ./Drivers/STM32F4xx_HAL_Driver/Src/stm32f4xx_ll_usb.o
                0x000000000800fe88                USB_HC_Init
 .text.USB_HC_StartXfer
                0x00000000080100cc      0x284 ./Drivers/STM32F4xx_HAL_Driver/Src/stm32f4xx_ll_usb.o
                0x00000000080100cc                USB_HC_StartXfer
 .text.USB_HC_ReadInterrupt
                0x0000000008010350       0x22 ./Drivers/STM32F4xx_HAL_Driver/Src/stm32f4xx_ll_usb.o
                0x0000000008010350                USB_HC_ReadInterrupt
 .text.USB_HC_Halt
                0x0000000008010372      0x1f8 ./Drivers/STM32F4xx_HAL_Driver/Src/stm32f4xx_ll_usb.o
                0x0000000008010372                USB_HC_Halt
 *fill*         0x000000000801056a        0x2 
 .text.USB_DoPing
                0x000000000801056c       0x78 ./Drivers/STM32F4xx_HAL_Driver/Src/stm32f4xx_ll_usb.o
                0x000000000801056c                USB_DoPing
 .text.USB_StopHost
                0x00000000080105e4      0x124 ./Drivers/STM32F4xx_HAL_Driver/Src/stm32f4xx_ll_usb.o
                0x00000000080105e4                USB_StopHost
 .text.USBH_CDC_InterfaceInit
                0x0000000008010708      0x2ac ./Middlewares/ST/STM32_USB_Host_Library/Class/CDC/Src/usbh_cdc.o
 .text.USBH_CDC_InterfaceDeInit
                0x00000000080109b4       0xb2 ./Middlewares/ST/STM32_USB_Host_Library/Class/CDC/Src/usbh_cdc.o
 .text.USBH_CDC_ClassRequest
                0x0000000008010a66       0x3e ./Middlewares/ST/STM32_USB_Host_Library/Class/CDC/Src/usbh_cdc.o
 .text.USBH_CDC_Process
                0x0000000008010aa4      0x12c ./Middlewares/ST/STM32_USB_Host_Library/Class/CDC/Src/usbh_cdc.o
 .text.USBH_CDC_SOFProcess
                0x0000000008010bd0       0x16 ./Middlewares/ST/STM32_USB_Host_Library/Class/CDC/Src/usbh_cdc.o
 .text.GetLineCoding
                0x0000000008010be6       0x3e ./Middlewares/ST/STM32_USB_Host_Library/Class/CDC/Src/usbh_cdc.o
 .text.SetLineCoding
                0x0000000008010c24       0x3e ./Middlewares/ST/STM32_USB_Host_Library/Class/CDC/Src/usbh_cdc.o
 .text.CDC_ProcessTransmission
                0x0000000008010c62       0xec ./Middlewares/ST/STM32_USB_Host_Library/Class/CDC/Src/usbh_cdc.o
 .text.CDC_ProcessReception
                0x0000000008010d4e       0xb6 ./Middlewares/ST/STM32_USB_Host_Library/Class/CDC/Src/usbh_cdc.o
 .text.USBH_CDC_TransmitCallback
                0x0000000008010e04       0x14 ./Middlewares/ST/STM32_USB_Host_Library/Class/CDC/Src/usbh_cdc.o
                0x0000000008010e04                USBH_CDC_TransmitCallback
 .text.USBH_CDC_ReceiveCallback
                0x0000000008010e18       0x14 ./Middlewares/ST/STM32_USB_Host_Library/Class/CDC/Src/usbh_cdc.o
                0x0000000008010e18                USBH_CDC_ReceiveCallback
 .text.USBH_CDC_LineCodingChanged
                0x0000000008010e2c       0x14 ./Middlewares/ST/STM32_USB_Host_Library/Class/CDC/Src/usbh_cdc.o
                0x0000000008010e2c                USBH_CDC_LineCodingChanged
 .text.USBH_Init
                0x0000000008010e40       0x74 ./Middlewares/ST/STM32_USB_Host_Library/Core/Src/usbh_core.o
                0x0000000008010e40                USBH_Init
 .text.DeInitStateMachine
                0x0000000008010eb4       0xa8 ./Middlewares/ST/STM32_USB_Host_Library/Core/Src/usbh_core.o
 .text.USBH_RegisterClass
                0x0000000008010f5c       0x54 ./Middlewares/ST/STM32_USB_Host_Library/Core/Src/usbh_core.o
                0x0000000008010f5c                USBH_RegisterClass
 .text.USBH_SelectInterface
                0x0000000008010fb0       0x38 ./Middlewares/ST/STM32_USB_Host_Library/Core/Src/usbh_core.o
                0x0000000008010fb0                USBH_SelectInterface
 .text.USBH_FindInterface
                0x0000000008010fe8       0x8c ./Middlewares/ST/STM32_USB_Host_Library/Core/Src/usbh_core.o
                0x0000000008010fe8                USBH_FindInterface
 .text.USBH_Start
                0x0000000008011074       0x20 ./Middlewares/ST/STM32_USB_Host_Library/Core/Src/usbh_core.o
                0x0000000008011074                USBH_Start
 .text.USBH_Process
                0x0000000008011094      0x3d8 ./Middlewares/ST/STM32_USB_Host_Library/Core/Src/usbh_core.o
                0x0000000008011094                USBH_Process
 .text.USBH_HandleEnum
                0x000000000801146c      0x3c8 ./Middlewares/ST/STM32_USB_Host_Library/Core/Src/usbh_core.o
 .text.USBH_LL_SetTimer
                0x0000000008011834       0x1e ./Middlewares/ST/STM32_USB_Host_Library/Core/Src/usbh_core.o
                0x0000000008011834                USBH_LL_SetTimer
 .text.USBH_LL_IncTimer
                0x0000000008011852       0x24 ./Middlewares/ST/STM32_USB_Host_Library/Core/Src/usbh_core.o
                0x0000000008011852                USBH_LL_IncTimer
 .text.USBH_HandleSof
                0x0000000008011876       0x30 ./Middlewares/ST/STM32_USB_Host_Library/Core/Src/usbh_core.o
 .text.USBH_LL_PortEnabled
                0x00000000080118a6       0x1c ./Middlewares/ST/STM32_USB_Host_Library/Core/Src/usbh_core.o
                0x00000000080118a6                USBH_LL_PortEnabled
 .text.USBH_LL_PortDisabled
                0x00000000080118c2       0x1c ./Middlewares/ST/STM32_USB_Host_Library/Core/Src/usbh_core.o
                0x00000000080118c2                USBH_LL_PortDisabled
 .text.USBH_LL_Connect
                0x00000000080118de       0x2e ./Middlewares/ST/STM32_USB_Host_Library/Core/Src/usbh_core.o
                0x00000000080118de                USBH_LL_Connect
 .text.USBH_LL_Disconnect
                0x000000000801190c       0x48 ./Middlewares/ST/STM32_USB_Host_Library/Core/Src/usbh_core.o
                0x000000000801190c                USBH_LL_Disconnect
 .text.USBH_Get_DevDesc
                0x0000000008011954       0x50 ./Middlewares/ST/STM32_USB_Host_Library/Core/Src/usbh_ctlreq.o
                0x0000000008011954                USBH_Get_DevDesc
 .text.USBH_Get_CfgDesc
                0x00000000080119a4       0x48 ./Middlewares/ST/STM32_USB_Host_Library/Core/Src/usbh_ctlreq.o
                0x00000000080119a4                USBH_Get_CfgDesc
 .text.USBH_Get_StringDesc
                0x00000000080119ec       0x56 ./Middlewares/ST/STM32_USB_Host_Library/Core/Src/usbh_ctlreq.o
                0x00000000080119ec                USBH_Get_StringDesc
 .text.USBH_GetDescriptor
                0x0000000008011a42       0x6a ./Middlewares/ST/STM32_USB_Host_Library/Core/Src/usbh_ctlreq.o
                0x0000000008011a42                USBH_GetDescriptor
 .text.USBH_SetAddress
                0x0000000008011aac       0x48 ./Middlewares/ST/STM32_USB_Host_Library/Core/Src/usbh_ctlreq.o
                0x0000000008011aac                USBH_SetAddress
 .text.USBH_SetCfg
                0x0000000008011af4       0x46 ./Middlewares/ST/STM32_USB_Host_Library/Core/Src/usbh_ctlreq.o
                0x0000000008011af4                USBH_SetCfg
 .text.USBH_SetFeature
                0x0000000008011b3a       0x48 ./Middlewares/ST/STM32_USB_Host_Library/Core/Src/usbh_ctlreq.o
                0x0000000008011b3a                USBH_SetFeature
 .text.USBH_ClrFeature
                0x0000000008011b82       0x48 ./Middlewares/ST/STM32_USB_Host_Library/Core/Src/usbh_ctlreq.o
                0x0000000008011b82                USBH_ClrFeature
 .text.USBH_ParseDevDesc
                0x0000000008011bca      0x122 ./Middlewares/ST/STM32_USB_Host_Library/Core/Src/usbh_ctlreq.o
 .text.USBH_ParseCfgDesc
                0x0000000008011cec      0x1ec ./Middlewares/ST/STM32_USB_Host_Library/Core/Src/usbh_ctlreq.o
 .text.USBH_ParseInterfaceDesc
                0x0000000008011ed8       0x5e ./Middlewares/ST/STM32_USB_Host_Library/Core/Src/usbh_ctlreq.o
 .text.USBH_ParseEPDesc
                0x0000000008011f36      0x14a ./Middlewares/ST/STM32_USB_Host_Library/Core/Src/usbh_ctlreq.o
 .text.USBH_ParseStringDesc
                0x0000000008012080       0x66 ./Middlewares/ST/STM32_USB_Host_Library/Core/Src/usbh_ctlreq.o
 .text.USBH_GetNextDesc
                0x00000000080120e6       0x36 ./Middlewares/ST/STM32_USB_Host_Library/Core/Src/usbh_ctlreq.o
                0x00000000080120e6                USBH_GetNextDesc
 .text.USBH_CtlReq
                0x000000000801211c       0x7a ./Middlewares/ST/STM32_USB_Host_Library/Core/Src/usbh_ctlreq.o
                0x000000000801211c                USBH_CtlReq
 *fill*         0x0000000008012196        0x2 
 .text.USBH_HandleControl
                0x0000000008012198      0x2e8 ./Middlewares/ST/STM32_USB_Host_Library/Core/Src/usbh_ctlreq.o
 .text.USBH_CtlSendSetup
                0x0000000008012480       0x34 ./Middlewares/ST/STM32_USB_Host_Library/Core/Src/usbh_ioreq.o
                0x0000000008012480                USBH_CtlSendSetup
 .text.USBH_CtlSendData
                0x00000000080124b4       0x4a ./Middlewares/ST/STM32_USB_Host_Library/Core/Src/usbh_ioreq.o
                0x00000000080124b4                USBH_CtlSendData
 .text.USBH_CtlReceiveData
                0x00000000080124fe       0x3c ./Middlewares/ST/STM32_USB_Host_Library/Core/Src/usbh_ioreq.o
                0x00000000080124fe                USBH_CtlReceiveData
 .text.USBH_BulkSendData
                0x000000000801253a       0x4a ./Middlewares/ST/STM32_USB_Host_Library/Core/Src/usbh_ioreq.o
                0x000000000801253a                USBH_BulkSendData
 .text.USBH_BulkReceiveData
                0x0000000008012584       0x3c ./Middlewares/ST/STM32_USB_Host_Library/Core/Src/usbh_ioreq.o
                0x0000000008012584                USBH_BulkReceiveData
 .text.USBH_OpenPipe
                0x00000000080125c0       0x3e ./Middlewares/ST/STM32_USB_Host_Library/Core/Src/usbh_pipes.o
                0x00000000080125c0                USBH_OpenPipe
 .text.USBH_ClosePipe
                0x00000000080125fe       0x20 ./Middlewares/ST/STM32_USB_Host_Library/Core/Src/usbh_pipes.o
                0x00000000080125fe                USBH_ClosePipe
 .text.USBH_AllocPipe
                0x000000000801261e       0x42 ./Middlewares/ST/STM32_USB_Host_Library/Core/Src/usbh_pipes.o
                0x000000000801261e                USBH_AllocPipe
 .text.USBH_FreePipe
                0x0000000008012660       0x3c ./Middlewares/ST/STM32_USB_Host_Library/Core/Src/usbh_pipes.o
                0x0000000008012660                USBH_FreePipe
 .text.USBH_GetFreePipe
                0x000000000801269c       0x48 ./Middlewares/ST/STM32_USB_Host_Library/Core/Src/usbh_pipes.o
 .text.MX_USB_HOST_Init
                0x00000000080126e4       0x4c ./USB_HOST/App/usb_host.o
                0x00000000080126e4                MX_USB_HOST_Init
 .text.MX_USB_HOST_Process
                0x0000000008012730       0x14 ./USB_HOST/App/usb_host.o
                0x0000000008012730                MX_USB_HOST_Process
 .text.USBH_UserProcess
                0x0000000008012744       0x5c ./USB_HOST/App/usb_host.o
 .text.HAL_HCD_MspInit
                0x00000000080127a0       0xc4 ./USB_HOST/Target/usbh_conf.o
                0x00000000080127a0                HAL_HCD_MspInit
 .text.HAL_HCD_SOF_Callback
                0x0000000008012864       0x1c ./USB_HOST/Target/usbh_conf.o
                0x0000000008012864                HAL_HCD_SOF_Callback
 .text.HAL_HCD_Connect_Callback
                0x0000000008012880       0x1c ./USB_HOST/Target/usbh_conf.o
                0x0000000008012880                HAL_HCD_Connect_Callback
 .text.HAL_HCD_Disconnect_Callback
                0x000000000801289c       0x1c ./USB_HOST/Target/usbh_conf.o
                0x000000000801289c                HAL_HCD_Disconnect_Callback
 .text.HAL_HCD_HC_NotifyURBChange_Callback
                0x00000000080128b8       0x1c ./USB_HOST/Target/usbh_conf.o
                0x00000000080128b8                HAL_HCD_HC_NotifyURBChange_Callback
 .text.HAL_HCD_PortEnabled_Callback
                0x00000000080128d4       0x1c ./USB_HOST/Target/usbh_conf.o
                0x00000000080128d4                HAL_HCD_PortEnabled_Callback
 .text.HAL_HCD_PortDisabled_Callback
                0x00000000080128f0       0x1c ./USB_HOST/Target/usbh_conf.o
                0x00000000080128f0                HAL_HCD_PortDisabled_Callback
 .text.USBH_LL_Init
                0x000000000801290c       0x78 ./USB_HOST/Target/usbh_conf.o
                0x000000000801290c                USBH_LL_Init
 .text.USBH_LL_Start
                0x0000000008012984       0x36 ./USB_HOST/Target/usbh_conf.o
                0x0000000008012984                USBH_LL_Start
 .text.USBH_LL_Stop
                0x00000000080129ba       0x36 ./USB_HOST/Target/usbh_conf.o
                0x00000000080129ba                USBH_LL_Stop
 .text.USBH_LL_GetSpeed
                0x00000000080129f0       0x4e ./USB_HOST/Target/usbh_conf.o
                0x00000000080129f0                USBH_LL_GetSpeed
 .text.USBH_LL_ResetPort
                0x0000000008012a3e       0x36 ./USB_HOST/Target/usbh_conf.o
                0x0000000008012a3e                USBH_LL_ResetPort
 .text.USBH_LL_GetLastXferSize
                0x0000000008012a74       0x26 ./USB_HOST/Target/usbh_conf.o
                0x0000000008012a74                USBH_LL_GetLastXferSize
 .text.USBH_LL_OpenPipe
                0x0000000008012a9a       0x5e ./USB_HOST/Target/usbh_conf.o
                0x0000000008012a9a                USBH_LL_OpenPipe
 .text.USBH_LL_ClosePipe
                0x0000000008012af8       0x3e ./USB_HOST/Target/usbh_conf.o
                0x0000000008012af8                USBH_LL_ClosePipe
 .text.USBH_LL_SubmitURB
                0x0000000008012b36       0x62 ./USB_HOST/Target/usbh_conf.o
                0x0000000008012b36                USBH_LL_SubmitURB
 .text.USBH_LL_GetURBState
                0x0000000008012b98       0x26 ./USB_HOST/Target/usbh_conf.o
                0x0000000008012b98                USBH_LL_GetURBState
 .text.USBH_LL_DriverVBUS
                0x0000000008012bbe       0x2e ./USB_HOST/Target/usbh_conf.o
                0x0000000008012bbe                USBH_LL_DriverVBUS
 .text.USBH_LL_SetToggle
                0x0000000008012bec       0x60 ./USB_HOST/Target/usbh_conf.o
                0x0000000008012bec                USBH_LL_SetToggle
 .text.USBH_Delay
                0x0000000008012c4c       0x16 ./USB_HOST/Target/usbh_conf.o
                0x0000000008012c4c                USBH_Delay
 *fill*         0x0000000008012c62        0x2 
 .text.USBH_Get_USB_Status
                0x0000000008012c64       0x58 ./USB_HOST/Target/usbh_conf.o
                0x0000000008012c64                USBH_Get_USB_Status
 .text.MX_DriverVbusFS
                0x0000000008012cbc       0x38 ./USB_HOST/Target/usbh_platform.o
                0x0000000008012cbc                MX_DriverVbusFS
 .text.__cxa_guard_acquire
                0x0000000008012cf4       0x18 c:/st/stm32cubeide_1.10.1/stm32cubeide/plugins/com.st.stm32cube.ide.mcu.externaltools.gnu-tools-for-stm32.10.3-2021.10.win32_1.0.200.202301161003/tools/bin/../lib/gcc/arm-none-eabi/10.3.1/../../../../arm-none-eabi/lib/thumb/v7e-m+fp/hard\libstdc++_nano.a(guard.o)
                0x0000000008012cf4                __cxa_guard_acquire
 .text.__cxa_guard_release
                0x0000000008012d0c        0x6 c:/st/stm32cubeide_1.10.1/stm32cubeide/plugins/com.st.stm32cube.ide.mcu.externaltools.gnu-tools-for-stm32.10.3-2021.10.win32_1.0.200.202301161003/tools/bin/../lib/gcc/arm-none-eabi/10.3.1/../../../../arm-none-eabi/lib/thumb/v7e-m+fp/hard\libstdc++_nano.a(guard.o)
                0x0000000008012d0c                __cxa_guard_release
 .text.__cxa_pure_virtual
                0x0000000008012d12        0x6 c:/st/stm32cubeide_1.10.1/stm32cubeide/plugins/com.st.stm32cube.ide.mcu.externaltools.gnu-tools-for-stm32.10.3-2021.10.win32_1.0.200.202301161003/tools/bin/../lib/gcc/arm-none-eabi/10.3.1/../../../../arm-none-eabi/lib/thumb/v7e-m+fp/hard\libstdc++_nano.a(pure.o)
                0x0000000008012d12                __cxa_pure_virtual
 .text._ZN10__cxxabiv111__terminateEPFvvE
                0x0000000008012d18        0x8 c:/st/stm32cubeide_1.10.1/stm32cubeide/plugins/com.st.stm32cube.ide.mcu.externaltools.gnu-tools-for-stm32.10.3-2021.10.win32_1.0.200.202301161003/tools/bin/../lib/gcc/arm-none-eabi/10.3.1/../../../../arm-none-eabi/lib/thumb/v7e-m+fp/hard\libstdc++_nano.a(eh_terminate.o)
                0x0000000008012d18                __cxxabiv1::__terminate(void (*)())
 .text._ZSt13get_terminatev
                0x0000000008012d20       0x10 c:/st/stm32cubeide_1.10.1/stm32cubeide/plugins/com.st.stm32cube.ide.mcu.externaltools.gnu-tools-for-stm32.10.3-2021.10.win32_1.0.200.202301161003/tools/bin/../lib/gcc/arm-none-eabi/10.3.1/../../../../arm-none-eabi/lib/thumb/v7e-m+fp/hard\libstdc++_nano.a(eh_terminate.o)
                0x0000000008012d20                std::get_terminate()
 .text._ZSt9terminatev
                0x0000000008012d30        0xa c:/st/stm32cubeide_1.10.1/stm32cubeide/plugins/com.st.stm32cube.ide.mcu.externaltools.gnu-tools-for-stm32.10.3-2021.10.win32_1.0.200.202301161003/tools/bin/../lib/gcc/arm-none-eabi/10.3.1/../../../../arm-none-eabi/lib/thumb/v7e-m+fp/hard\libstdc++_nano.a(eh_terminate.o)
                0x0000000008012d30                std::terminate()
 *fill*         0x0000000008012d3a        0x2 