../Core/Src/main.cpp:81:5:int main()	8	static
../Core/Src/main.cpp:132:6:void SystemClock_Config()	88	static
../Core/Src/main.cpp:178:13:void MX_I2C1_Init()	8	static
../Core/Src/main.cpp:212:13:void MX_I2S3_Init()	8	static
../Core/Src/main.cpp:246:13:void MX_SPI1_Init()	8	static
../Core/Src/main.cpp:284:13:void MX_USART2_UART_Init()	8	static
../Core/Src/main.cpp:315:13:void MX_DMA_Init()	16	static
../Core/Src/main.cpp:336:13:void MX_GPIO_Init()	56	static
../Core/Src/main.cpp:442:6:void Error_Handler()	4	static,ignoring_inline_asm
