../Core/Src/MPU9250.cpp:32:6:void MPU9250_Activate()	8	static
../Core/Src/MPU9250.cpp:37:6:void MPU9250_Deactivate()	8	static
../Core/Src/MPU9250.cpp:42:9:uint8_t SPIx_WriteRead(uint8_t)	32	static
../Core/Src/MPU9250.cpp:56:6:void MPU_SPI_Write(uint8_t*, uint8_t, uint16_t)	16	static
../Core/Src/MPU9250.cpp:69:6:void MPU_SPI_Read(uint8_t*, uint8_t, uint16_t)	24	static
../Core/Src/MPU9250.cpp:79:6:void writeRegister(uint8_t, uint8_t)	16	static
../Core/Src/MPU9250.cpp:86:6:void readRegisters(uint8_t, uint8_t, uint8_t*)	16	static
../Core/Src/MPU9250.cpp:93:9:uint8_t whoAmI()	8	static
../Core/Src/MPU9250.cpp:102:6:void MPU9250_SetAccelRange(AccelRange)	16	static
../Core/Src/MPU9250.cpp:108:6:void MPU9250_SetGyroRange(GyroRange)	16	static
../Core/Src/MPU9250.cpp:114:6:void MPU9250_SetDLPFBandwidth(DLPFBandwidth)	16	static
../Core/Src/MPU9250.cpp:126:1:cMPU9250::cMPU9250()	16	static
../Core/Src/MPU9250.cpp:141:6:bool cMPU9250::begin()	24	static
../Core/Src/MPU9250.cpp:198:6:void cMPU9250::init()	16	static
../Core/Src/MPU9250.cpp:209:6:void cMPU9250::gyro_init()	24	static
../Core/Src/MPU9250.cpp:228:6:void cMPU9250::gyro_get_adc()	32	static
../Core/Src/MPU9250.cpp:260:6:void cMPU9250::gyro_cali_start()	16	static
../Core/Src/MPU9250.cpp:272:6:void cMPU9250::gyro_common()	24	static
../Core/Src/MPU9250.cpp:333:6:void cMPU9250::acc_init()	24	static
../Core/Src/MPU9250.cpp:351:6:void cMPU9250::acc_get_adc()	32	static
../Core/Src/MPU9250.cpp:382:6:void cMPU9250::acc_common()	24	static
../Core/Src/MPU9250.cpp:413:6:void cMPU9250::acc_cali_start()	16	static
../Core/Src/MPU9250.cpp:424:6:bool cMPU9250::acc_cali_get_done()	16	static
../Core/Src/MPU9250.cpp:436:6:bool cMPU9250::gyro_cali_get_done()	16	static
